Archive member included to satisfy reference by file (symbol)

/usr/lib/gcc/arm-none-eabi/13.2.1/../../../arm-none-eabi/lib/thumb/v7e-m+fp/hard/libc_nano.a(libc_a-init.o)
                              /usr/lib/gcc/arm-none-eabi/13.2.1/../../../arm-none-eabi/lib/thumb/v7e-m+fp/hard/rdimon-crt0.o (__libc_init_array)
/usr/lib/gcc/arm-none-eabi/13.2.1/../../../arm-none-eabi/lib/thumb/v7e-m+fp/hard/libc_nano.a(libc_a-memset.o)
                              /usr/lib/gcc/arm-none-eabi/13.2.1/../../../arm-none-eabi/lib/thumb/v7e-m+fp/hard/rdimon-crt0.o (memset)
/usr/lib/gcc/arm-none-eabi/13.2.1/../../../arm-none-eabi/lib/thumb/v7e-m+fp/hard/libc_nano.a(libc_a-exit.o)
                              /usr/lib/gcc/arm-none-eabi/13.2.1/../../../arm-none-eabi/lib/thumb/v7e-m+fp/hard/rdimon-crt0.o (exit)
/usr/lib/gcc/arm-none-eabi/13.2.1/../../../arm-none-eabi/lib/thumb/v7e-m+fp/hard/libc_nano.a(libc_a-atexit.o)
                              /usr/lib/gcc/arm-none-eabi/13.2.1/../../../arm-none-eabi/lib/thumb/v7e-m+fp/hard/rdimon-crt0.o (atexit)
/usr/lib/gcc/arm-none-eabi/13.2.1/../../../arm-none-eabi/lib/thumb/v7e-m+fp/hard/libc_nano.a(libc_a-fini.o)
                              /usr/lib/gcc/arm-none-eabi/13.2.1/../../../arm-none-eabi/lib/thumb/v7e-m+fp/hard/rdimon-crt0.o (__libc_fini_array)
/usr/lib/gcc/arm-none-eabi/13.2.1/../../../arm-none-eabi/lib/thumb/v7e-m+fp/hard/libc_nano.a(libc_a-findfp.o)
                              /usr/lib/gcc/arm-none-eabi/13.2.1/../../../arm-none-eabi/lib/thumb/v7e-m+fp/hard/libc_nano.a(libc_a-exit.o) (__stdio_exit_handler)
/usr/lib/gcc/arm-none-eabi/13.2.1/../../../arm-none-eabi/lib/thumb/v7e-m+fp/hard/libc_nano.a(libc_a-fflush.o)
                              /usr/lib/gcc/arm-none-eabi/13.2.1/../../../arm-none-eabi/lib/thumb/v7e-m+fp/hard/libc_nano.a(libc_a-findfp.o) (_fflush_r)
/usr/lib/gcc/arm-none-eabi/13.2.1/../../../arm-none-eabi/lib/thumb/v7e-m+fp/hard/libc_nano.a(libc_a-mallocr.o)
                              /usr/lib/gcc/arm-none-eabi/13.2.1/../../../arm-none-eabi/lib/thumb/v7e-m+fp/hard/libc_nano.a(libc_a-findfp.o) (_malloc_r)
/usr/lib/gcc/arm-none-eabi/13.2.1/../../../arm-none-eabi/lib/thumb/v7e-m+fp/hard/libc_nano.a(libc_a-freer.o)
                              /usr/lib/gcc/arm-none-eabi/13.2.1/../../../arm-none-eabi/lib/thumb/v7e-m+fp/hard/libc_nano.a(libc_a-fflush.o) (_free_r)
/usr/lib/gcc/arm-none-eabi/13.2.1/../../../arm-none-eabi/lib/thumb/v7e-m+fp/hard/libc_nano.a(libc_a-fwalk.o)
                              /usr/lib/gcc/arm-none-eabi/13.2.1/../../../arm-none-eabi/lib/thumb/v7e-m+fp/hard/libc_nano.a(libc_a-findfp.o) (_fwalk_sglue)
/usr/lib/gcc/arm-none-eabi/13.2.1/../../../arm-none-eabi/lib/thumb/v7e-m+fp/hard/libc_nano.a(libc_a-__atexit.o)
                              /usr/lib/gcc/arm-none-eabi/13.2.1/../../../arm-none-eabi/lib/thumb/v7e-m+fp/hard/libc_nano.a(libc_a-atexit.o) (__register_exitproc)
/usr/lib/gcc/arm-none-eabi/13.2.1/../../../arm-none-eabi/lib/thumb/v7e-m+fp/hard/libc_nano.a(libc_a-mlock.o)
                              /usr/lib/gcc/arm-none-eabi/13.2.1/../../../arm-none-eabi/lib/thumb/v7e-m+fp/hard/libc_nano.a(libc_a-mallocr.o) (__malloc_lock)
/usr/lib/gcc/arm-none-eabi/13.2.1/../../../arm-none-eabi/lib/thumb/v7e-m+fp/hard/libc_nano.a(libc_a-sbrkr.o)
                              /usr/lib/gcc/arm-none-eabi/13.2.1/../../../arm-none-eabi/lib/thumb/v7e-m+fp/hard/libc_nano.a(libc_a-mallocr.o) (_sbrk_r)
/usr/lib/gcc/arm-none-eabi/13.2.1/../../../arm-none-eabi/lib/thumb/v7e-m+fp/hard/libc_nano.a(libc_a-stdio.o)
                              /usr/lib/gcc/arm-none-eabi/13.2.1/../../../arm-none-eabi/lib/thumb/v7e-m+fp/hard/libc_nano.a(libc_a-findfp.o) (__sread)
/usr/lib/gcc/arm-none-eabi/13.2.1/../../../arm-none-eabi/lib/thumb/v7e-m+fp/hard/libc_nano.a(libc_a-impure.o)
                              /usr/lib/gcc/arm-none-eabi/13.2.1/../../../arm-none-eabi/lib/thumb/v7e-m+fp/hard/libc_nano.a(libc_a-fflush.o) (_impure_ptr)
/usr/lib/gcc/arm-none-eabi/13.2.1/../../../arm-none-eabi/lib/thumb/v7e-m+fp/hard/libc_nano.a(libc_a-closer.o)
                              /usr/lib/gcc/arm-none-eabi/13.2.1/../../../arm-none-eabi/lib/thumb/v7e-m+fp/hard/libc_nano.a(libc_a-stdio.o) (_close_r)
/usr/lib/gcc/arm-none-eabi/13.2.1/../../../arm-none-eabi/lib/thumb/v7e-m+fp/hard/libc_nano.a(libc_a-__call_atexit.o)
                              /usr/lib/gcc/arm-none-eabi/13.2.1/../../../arm-none-eabi/lib/thumb/v7e-m+fp/hard/libc_nano.a(libc_a-__atexit.o) (__call_exitprocs)
/usr/lib/gcc/arm-none-eabi/13.2.1/../../../arm-none-eabi/lib/thumb/v7e-m+fp/hard/libc_nano.a(libc_a-readr.o)
                              /usr/lib/gcc/arm-none-eabi/13.2.1/../../../arm-none-eabi/lib/thumb/v7e-m+fp/hard/libc_nano.a(libc_a-stdio.o) (_read_r)
/usr/lib/gcc/arm-none-eabi/13.2.1/../../../arm-none-eabi/lib/thumb/v7e-m+fp/hard/libc_nano.a(libc_a-reent.o)
                              /usr/lib/gcc/arm-none-eabi/13.2.1/../../../arm-none-eabi/lib/thumb/v7e-m+fp/hard/libc_nano.a(libc_a-sbrkr.o) (errno)
[...]
Memory Configuration

Name             Origin             Length             Attributes
RAM              0x20000000         0x00020000         xrw
FLASH            0x08000000         0x00080000         xr
*default*        0x00000000         0xffffffff

Linker script and memory map

LOAD /usr/lib/gcc/arm-none-eabi/13.2.1/thumb/v7e-m+fp/hard/crti.o
LOAD /usr/lib/gcc/arm-none-eabi/13.2.1/thumb/v7e-m+fp/hard/crtbegin.o
LOAD /usr/lib/gcc/arm-none-eabi/13.2.1/../../../arm-none-eabi/lib/thumb/v7e-m+fp/hard/rdimon-crt0.o
LOAD /usr/lib/gcc/arm-none-eabi/13.2.1/../../../arm-none-eabi/lib/thumb/v7e-m+fp/hard/libc_nano.a
LOAD /usr/lib/gcc/arm-none-eabi/13.2.1/../../../arm-none-eabi/lib/thumb/v7e-m+fp/hard/libm.a
LOAD /usr/lib/gcc/arm-none-eabi/13.2.1/../../../arm-none-eabi/lib/thumb/v7e-m+fp/hard/librdimon_nano.a
LOAD CMakeFiles/main.dir/main.c.obj
LOAD CMakeFiles/main.dir/port/stm32f4/src/interr.c.obj
LOAD libproject-common.a
LOAD libproject-port.a
LOAD libfsm.a
LOAD libproject-common.a
LOAD libfsm.a
START GROUP
LOAD /usr/lib/gcc/arm-none-eabi/13.2.1/thumb/v7e-m+fp/hard/libgcc.a
LOAD /usr/lib/gcc/arm-none-eabi/13.2.1/../../../arm-none-eabi/lib/thumb/v7e-m+fp/hard/libg_nano.a
LOAD /usr/lib/gcc/arm-none-eabi/13.2.1/../../../arm-none-eabi/lib/thumb/v7e-m+fp/hard/libc_nano.a
END GROUP
START GROUP
LOAD /usr/lib/gcc/arm-none-eabi/13.2.1/thumb/v7e-m+fp/hard/libgcc.a
LOAD /usr/lib/gcc/arm-none-eabi/13.2.1/../../../arm-none-eabi/lib/thumb/v7e-m+fp/hard/libc_nano.a
LOAD /usr/lib/gcc/arm-none-eabi/13.2.1/../../../arm-none-eabi/lib/thumb/v7e-m+fp/hard/librdimon_nano.a
END GROUP
START GROUP
LOAD /usr/lib/gcc/arm-none-eabi/13.2.1/thumb/v7e-m+fp/hard/libgcc.a
LOAD /usr/lib/gcc/arm-none-eabi/13.2.1/../../../arm-none-eabi/lib/thumb/v7e-m+fp/hard/libc_nano.a
LOAD /usr/lib/gcc/arm-none-eabi/13.2.1/../../../arm-none-eabi/lib/thumb/v7e-m+fp/hard/librdimon_nano.a
END GROUP
LOAD /usr/lib/gcc/arm-none-eabi/13.2.1/thumb/v7e-m+fp/hard/crtend.o
LOAD /usr/lib/gcc/arm-none-eabi/13.2.1/thumb/v7e-m+fp/hard/crtn.o
                0x20020000                        _estack = (ORIGIN (RAM) + LENGTH (RAM))
                0x00000200                        _Min_Heap_Size = 0x200
                0x00000400                        _Min_Stack_Size = 0x400

.isr_vector     0x08000000      0x1c4
                0x08000000                        . = ALIGN (0x4)
 *(.isr_vector)
 .isr_vector    0x08000000      0x1c4 libproject-port.a(startup_stm32f446xx.s.obj)
                0x08000000                g_pfnVectors
                0x080001c4                        . = ALIGN (0x4)

.text           0x08000200     0x1b50
                0x08000200                        . = ALIGN (0x4)
 *(.text)
 .text          0x08000200       0x88 /usr/lib/gcc/arm-none-eabi/13.2.1/thumb/v7e-m+fp/hard/crtbegin.o
 .text          0x08000288       0x50 /usr/lib/gcc/arm-none-eabi/13.2.1/../../../arm-none-eabi/lib/thumb/v7e-m+fp/hard/libc_nano.a(libc_a-init.o)
                0x08000288                __libc_init_array
 .text          0x080002d8       0xa4 /usr/lib/gcc/arm-none-eabi/13.2.1/../../../arm-none-eabi/lib/thumb/v7e-m+fp/hard/libc_nano.a(libc_a-memset.o)
                0x080002d8                memset
 .text          0x0800037c      0x224 /usr/lib/gcc/arm-none-eabi/13.2.1/../../../arm-none-eabi/lib/thumb/v7e-m+fp/hard/libc_nano.a(libc_a-findfp.o)
                0x080004ac                __sfp
                0x08000550                __sinit
                0x08000570                __sfp_lock_acquire
                0x08000574                __sfp_lock_release
                0x08000578                __fp_lock_all
                0x0800058c                __fp_unlock_all
 .text          0x080005a0      0x1a8 /usr/lib/gcc/arm-none-eabi/13.2.1/../../../arm-none-eabi/lib/thumb/v7e-m+fp/hard/libc_nano.a(libc_a-fflush.o)
                0x080005a0                __sflush_r
                0x080006c4                _fflush_r
                0x080006fc                fflush
 .text          0x08000748      0x148 /usr/lib/gcc/arm-none-eabi/13.2.1/../../../arm-none-eabi/lib/thumb/v7e-m+fp/hard/libc_nano.a(libc_a-mallocr.o)
                0x08000790                _malloc_r
 .text          0x08000890       0xbc /usr/lib/gcc/arm-none-eabi/13.2.1/../../../arm-none-eabi/lib/thumb/v7e-m+fp/hard/libc_nano.a(libc_a-freer.o)
                0x08000890                _free_r
 .text          0x0800094c       0x44 /usr/lib/gcc/arm-none-eabi/13.2.1/../../../arm-none-eabi/lib/thumb/v7e-m+fp/hard/libc_nano.a(libc_a-fwalk.o)
                0x0800094c                _fwalk_sglue
 .text          0x08000990        0x8 /usr/lib/gcc/arm-none-eabi/13.2.1/../../../arm-none-eabi/lib/thumb/v7e-m+fp/hard/libc_nano.a(libc_a-mlock.o)
                0x08000990                __malloc_lock
                0x08000994                __malloc_unlock
 .text          0x08000998       0x24 /usr/lib/gcc/arm-none-eabi/13.2.1/../../../arm-none-eabi/lib/thumb/v7e-m+fp/hard/libc_nano.a(libc_a-sbrkr.o)
                0x08000998                _sbrk_r
 .text          0x080009bc       0x94 /usr/lib/gcc/arm-none-eabi/13.2.1/../../../arm-none-eabi/lib/thumb/v7e-m+fp/hard/libc_nano.a(libc_a-stdio.o)
                0x080009bc                __sread
                0x080009e0                __seofread
                0x080009e4                __swrite
                0x08000a24                __sseek
                0x08000a48                __sclose
 .text          0x08000a50       0x24 /usr/lib/gcc/arm-none-eabi/13.2.1/../../../arm-none-eabi/lib/thumb/v7e-m+fp/hard/libc_nano.a(libc_a-closer.o)
                0x08000a50                _close_r
 .text          0x08000a74       0x2c /usr/lib/gcc/arm-none-eabi/13.2.1/../../../arm-none-eabi/lib/thumb/v7e-m+fp/hard/libc_nano.a(libc_a-readr.o)
                0x08000a74                _read_r
 .text          0x08000aa0       0x2c /usr/lib/gcc/arm-none-eabi/13.2.1/../../../arm-none-eabi/lib/thumb/v7e-m+fp/hard/libc_nano.a(libc_a-lseekr.o)
                0x08000aa0                _lseek_r
 .text          0x08000acc       0x2c /usr/lib/gcc/arm-none-eabi/13.2.1/../../../arm-none-eabi/lib/thumb/v7e-m+fp/hard/libc_nano.a(libc_a-writer.o)
                0x08000acc                _write_r
 .text          0x08000af8      0x9a0 /usr/lib/gcc/arm-none-eabi/13.2.1/../../../arm-none-eabi/lib/thumb/v7e-m+fp/hard/librdimon_nano.a(arm_librdimon_a-syscalls.o)
                0x08000af8                _swiread
                0x08000b34                _read
                0x08000bc0                _swilseek
                0x08000c7c                _lseek
                0x08000c80                _swiwrite
                0x08000cbc                _write
                0x08000d64                _swiclose
                0x08000d9c                _close
                0x08000e30                _getpid
                0x08000e34                _sbrk
                0x08000e84                _swistat
                0x08000f00                _fstat
                0x08000f1c                _stat
                0x08000f58                _swiopen
                0x08001020                _open
                0x08001034                _get_semihosting_exts
                0x08001138                _has_ext_exit_extended
                0x08001178                _has_ext_stdout_stderr
                0x080011b8                initialise_monitor_handles
                0x080012dc                _link
                0x080012ec                _unlink
                0x0800132c                _gettimeofday
                0x08001354                _clock
                0x08001368                _times
                0x08001388                _isatty
                0x080013ec                _system
                0x08001444                _rename
 .text          0x08001498        0xc CMakeFiles/main.dir/main.c.obj
                0x08001498                main
 .text          0x080014a4       0x1e CMakeFiles/main.dir/port/stm32f4/src/interr.c.obj
                0x080014a4                SysTick_Handler
 *fill*         0x080014c2        0x2 
 .text          0x080014c4      0x730 libproject-port.a(stm32f4_system.c.obj)
                0x08001740                SystemInit
                0x08001764                port_system_init
                0x080017dc                port_system_delay_ms
                0x08001806                port_system_delay_until_ms
                0x08001846                port_system_get_millis
                0x0800185c                port_system_set_millis
                0x0800187c                stm32f4_system_gpio_config
                0x08001948                stm32f4_system_gpio_config_exti
                0x08001ad8                stm32f4_system_gpio_exti_enable
                0x08001b48                stm32f4_system_gpio_exti_disable
                0x08001b7c                stm32f4_system_gpio_config_alternate
 *fill*         0x08001bf4        0xc 
 .text          0x08001c00       0xd8 /usr/lib/gcc/arm-none-eabi/13.2.1/../../../arm-none-eabi/lib/thumb/v7e-m+fp/hard/libg_nano.a(libc_a-strlen.o)
                0x08001c00                strlen
 .text          0x08001cd8        0xc /usr/lib/gcc/arm-none-eabi/13.2.1/../../../arm-none-eabi/lib/thumb/v7e-m+fp/hard/libg_nano.a(libc_a-errno.o)
                0x08001cd8                __errno
 *(.text*)
 .text.Reset_Handler
                0x08001ce4       0x50 libproject-port.a(startup_stm32f446xx.s.obj)
                0x08001ce4                Reset_Handler
 .text.Default_Handler
                0x08001d34        0x2 libproject-port.a(startup_stm32f446xx.s.obj)
                0x08001d34                RTC_Alarm_IRQHandler
                0x08001d34                EXTI2_IRQHandler
                0x08001d34                TIM8_CC_IRQHandler
                0x08001d34                DebugMon_Handler
                0x08001d34                FMPI2C1_EV_IRQHandler
                0x08001d34                SPI4_IRQHandler
                0x08001d34                TIM1_CC_IRQHandler
                0x08001d34                DMA2_Stream5_IRQHandler
                0x08001d34                HardFault_Handler
                0x08001d34                DMA1_Stream5_IRQHandler
                0x08001d34                PVD_IRQHandler
                0x08001d34                SDIO_IRQHandler
                0x08001d34                TAMP_STAMP_IRQHandler
                0x08001d34                PendSV_Handler
                0x08001d34                NMI_Handler
                0x08001d34                CAN2_RX1_IRQHandler
                0x08001d34                EXTI3_IRQHandler
                0x08001d34                TIM8_TRG_COM_TIM14_IRQHandler
                0x08001d34                TIM1_UP_TIM10_IRQHandler
                0x08001d34                TIM8_UP_TIM13_IRQHandler
                0x08001d34                I2C3_ER_IRQHandler
                0x08001d34                EXTI0_IRQHandler
                0x08001d34                I2C2_EV_IRQHandler
                0x08001d34                DMA1_Stream2_IRQHandler
                0x08001d34                CAN1_RX0_IRQHandler
                0x08001d34                FPU_IRQHandler
                0x08001d34                OTG_HS_WKUP_IRQHandler
                0x08001d34                UsageFault_Handler
                0x08001d34                CAN2_SCE_IRQHandler
                0x08001d34                DMA2_Stream2_IRQHandler
                0x08001d34                SPI1_IRQHandler
                0x08001d34                TIM6_DAC_IRQHandler
                0x08001d34                TIM1_BRK_TIM9_IRQHandler
                0x08001d34                DCMI_IRQHandler
                0x08001d34                CAN2_RX0_IRQHandler
                0x08001d34                DMA2_Stream3_IRQHandler
                0x08001d34                SAI2_IRQHandler
                0x08001d34                USART6_IRQHandler
                0x08001d34                USART3_IRQHandler
                0x08001d34                CAN1_RX1_IRQHandler
                0x08001d34                UART5_IRQHandler
                0x08001d34                DMA2_Stream0_IRQHandler
                0x08001d34                TIM4_IRQHandler
                0x08001d34                QUADSPI_IRQHandler
                0x08001d34                I2C1_EV_IRQHandler
                0x08001d34                DMA1_Stream6_IRQHandler
                0x08001d34                DMA1_Stream1_IRQHandler
                0x08001d34                UART4_IRQHandler
                0x08001d34                TIM3_IRQHandler
                0x08001d34                RCC_IRQHandler
                0x08001d34                TIM8_BRK_TIM12_IRQHandler
                0x08001d34                Default_Handler
                0x08001d34                CEC_IRQHandler
                0x08001d34                EXTI15_10_IRQHandler
                0x08001d34                ADC_IRQHandler
                0x08001d34                DMA1_Stream7_IRQHandler
                0x08001d34                TIM7_IRQHandler
                0x08001d34                CAN2_TX_IRQHandler
                0x08001d34                TIM5_IRQHandler
                0x08001d34                DMA2_Stream7_IRQHandler
                0x08001d34                I2C3_EV_IRQHandler
                0x08001d34                EXTI9_5_IRQHandler
                0x08001d34                RTC_WKUP_IRQHandler
                0x08001d34                SPDIF_RX_IRQHandler
                0x08001d34                SPI2_IRQHandler
                0x08001d34                OTG_HS_EP1_IN_IRQHandler
                0x08001d34                MemManage_Handler
                0x08001d34                DMA1_Stream0_IRQHandler
                0x08001d34                CAN1_TX_IRQHandler
                0x08001d34                SVC_Handler
                0x08001d34                FMPI2C1_ER_IRQHandler
                0x08001d34                EXTI4_IRQHandler
                0x08001d34                OTG_HS_EP1_OUT_IRQHandler
                0x08001d34                WWDG_IRQHandler
                0x08001d34                TIM2_IRQHandler
                0x08001d34                OTG_FS_WKUP_IRQHandler
                0x08001d34                TIM1_TRG_COM_TIM11_IRQHandler
                0x08001d34                OTG_HS_IRQHandler
                0x08001d34                EXTI1_IRQHandler
                0x08001d34                USART2_IRQHandler
                0x08001d34                I2C2_ER_IRQHandler
                0x08001d34                DMA2_Stream1_IRQHandler
                0x08001d34                CAN1_SCE_IRQHandler
                0x08001d34                FLASH_IRQHandler
                0x08001d34                DMA2_Stream4_IRQHandler
                0x08001d34                BusFault_Handler
                0x08001d34                USART1_IRQHandler
                0x08001d34                OTG_FS_IRQHandler
                0x08001d34                SPI3_IRQHandler
                0x08001d34                DMA1_Stream4_IRQHandler
                0x08001d34                I2C1_ER_IRQHandler
                0x08001d34                FMC_IRQHandler
                0x08001d34                DMA2_Stream6_IRQHandler
                0x08001d34                SAI1_IRQHandler
                0x08001d34                DMA1_Stream3_IRQHandler
 *(.glue_7)
 .glue_7        0x08001d36        0x0 linker stubs
 *(.glue_7t)
 .glue_7t       0x08001d36        0x0 linker stubs
 *(.eh_frame)
 *fill*         0x08001d36        0x2 
 .eh_frame      0x08001d38        0x0 /usr/lib/gcc/arm-none-eabi/13.2.1/thumb/v7e-m+fp/hard/crtbegin.o
 *(.init)
 .init          0x08001d38        0x4 /usr/lib/gcc/arm-none-eabi/13.2.1/thumb/v7e-m+fp/hard/crti.o
                0x08001d38                _init
 .init          0x08001d3c        0x8 /usr/lib/gcc/arm-none-eabi/13.2.1/thumb/v7e-m+fp/hard/crtn.o
 *(.fini)
 .fini          0x08001d44        0x4 /usr/lib/gcc/arm-none-eabi/13.2.1/thumb/v7e-m+fp/hard/crti.o
                0x08001d44                _fini
 .fini          0x08001d48        0x8 /usr/lib/gcc/arm-none-eabi/13.2.1/thumb/v7e-m+fp/hard/crtn.o
                0x08001d50                        . = ALIGN (0x4)
                0x08001d50                        _etext = .

.vfp11_veneer   0x08001d50        0x0
 .vfp11_veneer  0x08001d50        0x0 linker stubs

.v4_bx          0x08001d50        0x0
 .v4_bx         0x08001d50        0x0 linker stubs

.iplt           0x08001d50        0x0
 .iplt          0x08001d50        0x0 /usr/lib/gcc/arm-none-eabi/13.2.1/thumb/v7e-m+fp/hard/crtbegin.o

.rodata         0x08001d50       0x34
                0x08001d50                        . = ALIGN (0x4)
 *(.rodata)
 .rodata        0x08001d50       0x18 libproject-port.a(stm32f4_system.c.obj)
                0x08001d50                AHBPrescTable
                0x08001d60                APBPrescTable
 *(.rodata*)
 .rodata.str1.4
                0x08001d68       0x1c /usr/lib/gcc/arm-none-eabi/13.2.1/../../../arm-none-eabi/lib/thumb/v7e-m+fp/hard/librdimon_nano.a(arm_librdimon_a-syscalls.o)
                0x08001d84                        . = ALIGN (0x4)

.ARM.extab
 *(.ARM.extab* .gnu.linkonce.armextab.*)

.ARM            0x08001d84        0x8
                0x08001d84                        __exidx_start = .
 *(.ARM.exidx*)
 .ARM.exidx     0x08001d84        0x8 /usr/lib/gcc/arm-none-eabi/13.2.1/../../../arm-none-eabi/lib/thumb/v7e-m+fp/hard/libg_nano.a(libc_a-strlen.o)
                0x08001d8c                        __exidx_end = .

.rel.dyn        0x08001d8c        0x0
 .rel.iplt      0x08001d8c        0x0 /usr/lib/gcc/arm-none-eabi/13.2.1/thumb/v7e-m+fp/hard/crtbegin.o

.preinit_array  0x08001d8c        0x0
                0x08001d8c                        PROVIDE (__preinit_array_start = .)
 *(.preinit_array*)
                0x08001d8c                        PROVIDE (__preinit_array_end = .)

.init_array     0x08001d8c        0x4
                0x08001d8c                        PROVIDE (__init_array_start = .)
 *(SORT_BY_NAME(.init_array.*))
 *(.init_array*)
 .init_array    0x08001d8c        0x4 /usr/lib/gcc/arm-none-eabi/13.2.1/thumb/v7e-m+fp/hard/crtbegin.o
                0x08001d90                        PROVIDE (__init_array_end = .)

.fini_array     0x08001d90        0x4
                0x08001d90                        PROVIDE (__fini_array_start = .)
 *(SORT_BY_NAME(.fini_array.*))
 *(.fini_array*)
 .fini_array    0x08001d90        0x4 /usr/lib/gcc/arm-none-eabi/13.2.1/thumb/v7e-m+fp/hard/crtbegin.o
                0x08001d94                        PROVIDE (__fini_array_end = .)
                0x08001d94                        _sidata = LOADADDR (.data)

.data           0x20000000       0x6c load address 0x08001d94
                0x20000000                        . = ALIGN (0x4)
                0x20000000                        _sdata = .
 *(.data)
 .data          0x20000000        0xc /usr/lib/gcc/arm-none-eabi/13.2.1/../../../arm-none-eabi/lib/thumb/v7e-m+fp/hard/libc_nano.a(libc_a-findfp.o)
                0x20000000                __sglue
 .data          0x2000000c       0x50 /usr/lib/gcc/arm-none-eabi/13.2.1/../../../arm-none-eabi/lib/thumb/v7e-m+fp/hard/libc_nano.a(libc_a-impure.o)
                0x2000000c                _impure_ptr
                0x20000010                _impure_data
 .data          0x2000005c        0xc /usr/lib/gcc/arm-none-eabi/13.2.1/../../../arm-none-eabi/lib/thumb/v7e-m+fp/hard/librdimon_nano.a(arm_librdimon_a-syscalls.o)
                0x2000005c                __heap_limit
 .data          0x20000068        0x4 libproject-port.a(stm32f4_system.c.obj)
                0x20000068                SystemCoreClock
 *(.data*)
                0x2000006c                        . = ALIGN (0x4)
                0x2000006c                        _edata = .

.tm_clone_table
                0x2000006c        0x0 load address 0x08001e00
 .tm_clone_table
                0x2000006c        0x0 /usr/lib/gcc/arm-none-eabi/13.2.1/thumb/v7e-m+fp/hard/crtbegin.o
 .tm_clone_table
                0x2000006c        0x0 /usr/lib/gcc/arm-none-eabi/13.2.1/thumb/v7e-m+fp/hard/crtend.o

.igot.plt       0x2000006c        0x0 load address 0x08001e00
 .igot.plt      0x2000006c        0x0 /usr/lib/gcc/arm-none-eabi/13.2.1/thumb/v7e-m+fp/hard/crtbegin.o
                0x2000006c                        . = ALIGN (0x4)

.bss            0x2000006c      0x218 load address 0x08001e00
                0x2000006c                        _sbss = .
                0x2000006c                        __bss_start__ = _sbss
 *(.bss)
 .bss           0x2000006c       0x1c /usr/lib/gcc/arm-none-eabi/13.2.1/thumb/v7e-m+fp/hard/crtbegin.o
 .bss           0x20000088      0x13c /usr/lib/gcc/arm-none-eabi/13.2.1/../../../arm-none-eabi/lib/thumb/v7e-m+fp/hard/libc_nano.a(libc_a-findfp.o)
                0x20000088                __sf
                0x200001c0                __stdio_exit_handler
 .bss           0x200001c4        0x8 /usr/lib/gcc/arm-none-eabi/13.2.1/../../../arm-none-eabi/lib/thumb/v7e-m+fp/hard/libc_nano.a(libc_a-mallocr.o)
                0x200001c4                __malloc_sbrk_start
                0x200001c8                __malloc_free_list
 .bss           0x200001cc        0x4 /usr/lib/gcc/arm-none-eabi/13.2.1/../../../arm-none-eabi/lib/thumb/v7e-m+fp/hard/libc_nano.a(libc_a-reent.o)
                0x200001cc                errno
 .bss           0x200001d0       0xb0 /usr/lib/gcc/arm-none-eabi/13.2.1/../../../arm-none-eabi/lib/thumb/v7e-m+fp/hard/librdimon_nano.a(arm_librdimon_a-syscalls.o)
 .bss           0x20000280        0x4 libproject-port.a(stm32f4_system.c.obj)
 *(.bss*)
 *(COMMON)
                0x20000284                        . = ALIGN (0x4)
                0x20000284                        _ebss = .
                0x20000284                        __bss_end__ = _ebss

._user_heap_stack
                0x20000284      0x604 load address 0x08001e00
                0x20000288                        . = ALIGN (0x8)
 *fill*         0x20000284        0x4 
                0x20000288                        PROVIDE (end = .)
                [!provide]                        PROVIDE (_end = .)
                0x20000488                        . = (. + _Min_Heap_Size)
 *fill*         0x20000288      0x200 
                0x20000888                        . = (. + _Min_Stack_Size)
 *fill*         0x20000488      0x400 
                0x20000888                        . = ALIGN (0x8)

/DISCARD/
 libc.a(*)
 libm.a(*)
 libgcc.a(*)

.ARM.attributes
                0x00000000       0x30
 *(.ARM.attributes)
 .ARM.attributes
                0x00000000       0x22 /usr/lib/gcc/arm-none-eabi/13.2.1/thumb/v7e-m+fp/hard/crti.o
 .ARM.attributes
                0x00000022       0x34 /usr/lib/gcc/arm-none-eabi/13.2.1/thumb/v7e-m+fp/hard/crtbegin.o
 .ARM.attributes
                0x00000056       0x34 /usr/lib/gcc/arm-none-eabi/13.2.1/../../../arm-none-eabi/lib/thumb/v7e-m+fp/hard/libc_nano.a(libc_a-init.o)
 .ARM.attributes
                0x0000008a       0x34 /usr/lib/gcc/arm-none-eabi/13.2.1/../../../arm-none-eabi/lib/thumb/v7e-m+fp/hard/libc_nano.a(libc_a-memset.o)
 .ARM.attributes
                0x000000be       0x34 /usr/lib/gcc/arm-none-eabi/13.2.1/../../../arm-none-eabi/lib/thumb/v7e-m+fp/hard/libc_nano.a(libc_a-findfp.o)
 .ARM.attributes
                0x000000f2       0x34 /usr/lib/gcc/arm-none-eabi/13.2.1/../../../arm-none-eabi/lib/thumb/v7e-m+fp/hard/libc_nano.a(libc_a-fflush.o)
 .ARM.attributes
                0x00000126       0x34 /usr/lib/gcc/arm-none-eabi/13.2.1/../../../arm-none-eabi/lib/thumb/v7e-m+fp/hard/libc_nano.a(libc_a-mallocr.o)
 .ARM.attributes
                0x0000015a       0x34 /usr/lib/gcc/arm-none-eabi/13.2.1/../../../arm-none-eabi/lib/thumb/v7e-m+fp/hard/libc_nano.a(libc_a-freer.o)
 .ARM.attributes
                0x0000018e       0x34 /usr/lib/gcc/arm-none-eabi/13.2.1/../../../arm-none-eabi/lib/thumb/v7e-m+fp/hard/libc_nano.a(libc_a-fwalk.o)
 .ARM.attributes
                0x000001c2       0x34 /usr/lib/gcc/arm-none-eabi/13.2.1/../../../arm-none-eabi/lib/thumb/v7e-m+fp/hard/libc_nano.a(libc_a-mlock.o)
 .ARM.attributes
                0x000001f6       0x34 /usr/lib/gcc/arm-none-eabi/13.2.1/../../../arm-none-eabi/lib/thumb/v7e-m+fp/hard/libc_nano.a(libc_a-sbrkr.o)
 .ARM.attributes
                0x0000022a       0x34 /usr/lib/gcc/arm-none-eabi/13.2.1/../../../arm-none-eabi/lib/thumb/v7e-m+fp/hard/libc_nano.a(libc_a-stdio.o)
 .ARM.attributes
                0x0000025e       0x34 /usr/lib/gcc/arm-none-eabi/13.2.1/../../../arm-none-eabi/lib/thumb/v7e-m+fp/hard/libc_nano.a(libc_a-impure.o)
 .ARM.attributes
                0x00000292       0x34 /usr/lib/gcc/arm-none-eabi/13.2.1/../../../arm-none-eabi/lib/thumb/v7e-m+fp/hard/libc_nano.a(libc_a-closer.o)
 .ARM.attributes
                0x000002c6       0x34 /usr/lib/gcc/arm-none-eabi/13.2.1/../../../arm-none-eabi/lib/thumb/v7e-m+fp/hard/libc_nano.a(libc_a-readr.o)
 .ARM.attributes
                0x000002fa       0x34 /usr/lib/gcc/arm-none-eabi/13.2.1/../../../arm-none-eabi/lib/thumb/v7e-m+fp/hard/libc_nano.a(libc_a-reent.o)
 .ARM.attributes
                0x0000032e       0x34 /usr/lib/gcc/arm-none-eabi/13.2.1/../../../arm-none-eabi/lib/thumb/v7e-m+fp/hard/libc_nano.a(libc_a-lseekr.o)
 .ARM.attributes
                0x00000362       0x34 /usr/lib/gcc/arm-none-eabi/13.2.1/../../../arm-none-eabi/lib/thumb/v7e-m+fp/hard/libc_nano.a(libc_a-writer.o)
 .ARM.attributes
                0x00000396       0x34 /usr/lib/gcc/arm-none-eabi/13.2.1/../../../arm-none-eabi/lib/thumb/v7e-m+fp/hard/librdimon_nano.a(arm_librdimon_a-syscalls.o)
 .ARM.attributes
                0x000003ca       0x34 CMakeFiles/main.dir/main.c.obj
 .ARM.attributes
                0x000003fe       0x34 CMakeFiles/main.dir/port/stm32f4/src/interr.c.obj
 .ARM.attributes
                0x00000432       0x21 libproject-port.a(startup_stm32f446xx.s.obj)
 .ARM.attributes
                0x00000453       0x34 libproject-port.a(stm32f4_system.c.obj)
 .ARM.attributes
                0x00000487       0x1c /usr/lib/gcc/arm-none-eabi/13.2.1/../../../arm-none-eabi/lib/thumb/v7e-m+fp/hard/libg_nano.a(libc_a-strlen.o)
 .ARM.attributes
                0x000004a3       0x34 /usr/lib/gcc/arm-none-eabi/13.2.1/../../../arm-none-eabi/lib/thumb/v7e-m+fp/hard/libg_nano.a(libc_a-errno.o)
 .ARM.attributes
                0x000004d7       0x34 /usr/lib/gcc/arm-none-eabi/13.2.1/thumb/v7e-m+fp/hard/crtend.o
 .ARM.attributes
                0x0000050b       0x22 /usr/lib/gcc/arm-none-eabi/13.2.1/thumb/v7e-m+fp/hard/crtn.o
OUTPUT(/home/norber04/MatrixMCU/projects/simone/bin/stm32f446re/Debug/main.elf elf32-littlearm)
LOAD linker stubs
LOAD /usr/lib/gcc/arm-none-eabi/13.2.1/../../../arm-none-eabi/lib/thumb/v7e-m+fp/hard/libc.a
LOAD /usr/lib/gcc/arm-none-eabi/13.2.1/../../../arm-none-eabi/lib/thumb/v7e-m+fp/hard/libm.a
LOAD /usr/lib/gcc/arm-none-eabi/13.2.1/thumb/v7e-m+fp/hard/libgcc.a

.comment        0x00000000       0x26
 .comment       0x00000000       0x26 /usr/lib/gcc/arm-none-eabi/13.2.1/thumb/v7e-m+fp/hard/crtbegin.o
                                 0x27 (size before relaxing)
 .comment       0x00000026       0x27 /usr/lib/gcc/arm-none-eabi/13.2.1/../../../arm-none-eabi/lib/thumb/v7e-m+fp/hard/libc_nano.a(libc_a-init.o)
 .comment       0x00000026       0x27 /usr/lib/gcc/arm-none-eabi/13.2.1/../../../arm-none-eabi/lib/thumb/v7e-m+fp/hard/libc_nano.a(libc_a-memset.o)
 .comment       0x00000026       0x27 /usr/lib/gcc/arm-none-eabi/13.2.1/../../../arm-none-eabi/lib/thumb/v7e-m+fp/hard/libc_nano.a(libc_a-findfp.o)
 .comment       0x00000026       0x27 /usr/lib/gcc/arm-none-eabi/13.2.1/../../../arm-none-eabi/lib/thumb/v7e-m+fp/hard/libc_nano.a(libc_a-fflush.o)
 .comment       0x00000026       0x27 /usr/lib/gcc/arm-none-eabi/13.2.1/../../../arm-none-eabi/lib/thumb/v7e-m+fp/hard/libc_nano.a(libc_a-mallocr.o)
 .comment       0x00000026       0x27 /usr/lib/gcc/arm-none-eabi/13.2.1/../../../arm-none-eabi/lib/thumb/v7e-m+fp/hard/libc_nano.a(libc_a-freer.o)
 .comment       0x00000026       0x27 /usr/lib/gcc/arm-none-eabi/13.2.1/../../../arm-none-eabi/lib/thumb/v7e-m+fp/hard/libc_nano.a(libc_a-fwalk.o)
 .comment       0x00000026       0x27 /usr/lib/gcc/arm-none-eabi/13.2.1/../../../arm-none-eabi/lib/thumb/v7e-m+fp/hard/libc_nano.a(libc_a-mlock.o)
 .comment       0x00000026       0x27 /usr/lib/gcc/arm-none-eabi/13.2.1/../../../arm-none-eabi/lib/thumb/v7e-m+fp/hard/libc_nano.a(libc_a-sbrkr.o)
 .comment       0x00000026       0x27 /usr/lib/gcc/arm-none-eabi/13.2.1/../../../arm-none-eabi/lib/thumb/v7e-m+fp/hard/libc_nano.a(libc_a-stdio.o)
 .comment       0x00000026       0x27 /usr/lib/gcc/arm-none-eabi/13.2.1/../../../arm-none-eabi/lib/thumb/v7e-m+fp/hard/libc_nano.a(libc_a-impure.o)
 .comment       0x00000026       0x27 /usr/lib/gcc/arm-none-eabi/13.2.1/../../../arm-none-eabi/lib/thumb/v7e-m+fp/hard/libc_nano.a(libc_a-closer.o)
 .comment       0x00000026       0x27 /usr/lib/gcc/arm-none-eabi/13.2.1/../../../arm-none-eabi/lib/thumb/v7e-m+fp/hard/libc_nano.a(libc_a-readr.o)
 .comment       0x00000026       0x27 /usr/lib/gcc/arm-none-eabi/13.2.1/../../../arm-none-eabi/lib/thumb/v7e-m+fp/hard/libc_nano.a(libc_a-reent.o)
 .comment       0x00000026       0x27 /usr/lib/gcc/arm-none-eabi/13.2.1/../../../arm-none-eabi/lib/thumb/v7e-m+fp/hard/libc_nano.a(libc_a-lseekr.o)
 .comment       0x00000026       0x27 /usr/lib/gcc/arm-none-eabi/13.2.1/../../../arm-none-eabi/lib/thumb/v7e-m+fp/hard/libc_nano.a(libc_a-writer.o)
 .comment       0x00000026       0x27 /usr/lib/gcc/arm-none-eabi/13.2.1/../../../arm-none-eabi/lib/thumb/v7e-m+fp/hard/librdimon_nano.a(arm_librdimon_a-syscalls.o)
 .comment       0x00000026       0x27 CMakeFiles/main.dir/main.c.obj
 .comment       0x00000026       0x27 CMakeFiles/main.dir/port/stm32f4/src/interr.c.obj
 .comment       0x00000026       0x27 libproject-port.a(stm32f4_system.c.obj)
 .comment       0x00000026       0x27 /usr/lib/gcc/arm-none-eabi/13.2.1/../../../arm-none-eabi/lib/thumb/v7e-m+fp/hard/libg_nano.a(libc_a-errno.o)
 .comment       0x00000026       0x27 /usr/lib/gcc/arm-none-eabi/13.2.1/thumb/v7e-m+fp/hard/crtend.o

.debug_info     0x00000000     0xc116
 .debug_info    0x00000000      0x10b /usr/lib/gcc/arm-none-eabi/13.2.1/../../../arm-none-eabi/lib/thumb/v7e-m+fp/hard/libc_nano.a(libc_a-init.o)
 .debug_info    0x0000010b      0x135 /usr/lib/gcc/arm-none-eabi/13.2.1/../../../arm-none-eabi/lib/thumb/v7e-m+fp/hard/libc_nano.a(libc_a-memset.o)
 .debug_info    0x00000240      0xe8c /usr/lib/gcc/arm-none-eabi/13.2.1/../../../arm-none-eabi/lib/thumb/v7e-m+fp/hard/libc_nano.a(libc_a-findfp.o)
 .debug_info    0x000010cc      0xa33 /usr/lib/gcc/arm-none-eabi/13.2.1/../../../arm-none-eabi/lib/thumb/v7e-m+fp/hard/libc_nano.a(libc_a-fflush.o)
 .debug_info    0x00001aff      0x9b6 /usr/lib/gcc/arm-none-eabi/13.2.1/../../../arm-none-eabi/lib/thumb/v7e-m+fp/hard/libc_nano.a(libc_a-mallocr.o)
 .debug_info    0x000024b5      0x87f /usr/lib/gcc/arm-none-eabi/13.2.1/../../../arm-none-eabi/lib/thumb/v7e-m+fp/hard/libc_nano.a(libc_a-freer.o)
 .debug_info    0x00002d34      0x7c8 /usr/lib/gcc/arm-none-eabi/13.2.1/../../../arm-none-eabi/lib/thumb/v7e-m+fp/hard/libc_nano.a(libc_a-fwalk.o)
 .debug_info    0x000034fc      0x71c /usr/lib/gcc/arm-none-eabi/13.2.1/../../../arm-none-eabi/lib/thumb/v7e-m+fp/hard/libc_nano.a(libc_a-mlock.o)
 .debug_info    0x00003c18      0x778 /usr/lib/gcc/arm-none-eabi/13.2.1/../../../arm-none-eabi/lib/thumb/v7e-m+fp/hard/libc_nano.a(libc_a-sbrkr.o)
 .debug_info    0x00004390      0xa80 /usr/lib/gcc/arm-none-eabi/13.2.1/../../../arm-none-eabi/lib/thumb/v7e-m+fp/hard/libc_nano.a(libc_a-stdio.o)
 .debug_info    0x00004e10      0x70b /usr/lib/gcc/arm-none-eabi/13.2.1/../../../arm-none-eabi/lib/thumb/v7e-m+fp/hard/libc_nano.a(libc_a-impure.o)
 .debug_info    0x0000551b      0x752 /usr/lib/gcc/arm-none-eabi/13.2.1/../../../arm-none-eabi/lib/thumb/v7e-m+fp/hard/libc_nano.a(libc_a-closer.o)
 .debug_info    0x00005c6d      0x7b5 /usr/lib/gcc/arm-none-eabi/13.2.1/../../../arm-none-eabi/lib/thumb/v7e-m+fp/hard/libc_nano.a(libc_a-readr.o)
 .debug_info    0x00006422      0x89f /usr/lib/gcc/arm-none-eabi/13.2.1/../../../arm-none-eabi/lib/thumb/v7e-m+fp/hard/libc_nano.a(libc_a-reent.o)
 .debug_info    0x00006cc1      0x79e /usr/lib/gcc/arm-none-eabi/13.2.1/../../../arm-none-eabi/lib/thumb/v7e-m+fp/hard/libc_nano.a(libc_a-lseekr.o)
 .debug_info    0x0000745f      0x7bb /usr/lib/gcc/arm-none-eabi/13.2.1/../../../arm-none-eabi/lib/thumb/v7e-m+fp/hard/libc_nano.a(libc_a-writer.o)
 .debug_info    0x00007c1a     0x2d2d /usr/lib/gcc/arm-none-eabi/13.2.1/../../../arm-none-eabi/lib/thumb/v7e-m+fp/hard/librdimon_nano.a(arm_librdimon_a-syscalls.o)
 .debug_info    0x0000a947       0xa9 CMakeFiles/main.dir/main.c.obj
 .debug_info    0x0000a9f0       0xb9 CMakeFiles/main.dir/port/stm32f4/src/interr.c.obj
 .debug_info    0x0000aaa9       0x30 libproject-port.a(startup_stm32f446xx.s.obj)
 .debug_info    0x0000aad9      0xf19 libproject-port.a(stm32f4_system.c.obj)
 .debug_info    0x0000b9f2       0x33 /usr/lib/gcc/arm-none-eabi/13.2.1/../../../arm-none-eabi/lib/thumb/v7e-m+fp/hard/libg_nano.a(libc_a-strlen.o)
 .debug_info    0x0000ba25      0x6f1 /usr/lib/gcc/arm-none-eabi/13.2.1/../../../arm-none-eabi/lib/thumb/v7e-m+fp/hard/libg_nano.a(libc_a-errno.o)

.debug_abbrev   0x00000000     0x291b
 .debug_abbrev  0x00000000       0xc9 /usr/lib/gcc/arm-none-eabi/13.2.1/../../../arm-none-eabi/lib/thumb/v7e-m+fp/hard/libc_nano.a(libc_a-init.o)
 .debug_abbrev  0x000000c9       0xb7 /usr/lib/gcc/arm-none-eabi/13.2.1/../../../arm-none-eabi/lib/thumb/v7e-m+fp/hard/libc_nano.a(libc_a-memset.o)
 .debug_abbrev  0x00000180      0x408 /usr/lib/gcc/arm-none-eabi/13.2.1/../../../arm-none-eabi/lib/thumb/v7e-m+fp/hard/libc_nano.a(libc_a-findfp.o)
 .debug_abbrev  0x00000588      0x2e4 /usr/lib/gcc/arm-none-eabi/13.2.1/../../../arm-none-eabi/lib/thumb/v7e-m+fp/hard/libc_nano.a(libc_a-fflush.o)
 .debug_abbrev  0x0000086c      0x24a /usr/lib/gcc/arm-none-eabi/13.2.1/../../../arm-none-eabi/lib/thumb/v7e-m+fp/hard/libc_nano.a(libc_a-mallocr.o)
 .debug_abbrev  0x00000ab6      0x249 /usr/lib/gcc/arm-none-eabi/13.2.1/../../../arm-none-eabi/lib/thumb/v7e-m+fp/hard/libc_nano.a(libc_a-freer.o)
 .debug_abbrev  0x00000cff      0x19b /usr/lib/gcc/arm-none-eabi/13.2.1/../../../arm-none-eabi/lib/thumb/v7e-m+fp/hard/libc_nano.a(libc_a-fwalk.o)
 .debug_abbrev  0x00000e9a      0x192 /usr/lib/gcc/arm-none-eabi/13.2.1/../../../arm-none-eabi/lib/thumb/v7e-m+fp/hard/libc_nano.a(libc_a-mlock.o)
 .debug_abbrev  0x0000102c      0x1da /usr/lib/gcc/arm-none-eabi/13.2.1/../../../arm-none-eabi/lib/thumb/v7e-m+fp/hard/libc_nano.a(libc_a-sbrkr.o)
 .debug_abbrev  0x00001206      0x224 /usr/lib/gcc/arm-none-eabi/13.2.1/../../../arm-none-eabi/lib/thumb/v7e-m+fp/hard/libc_nano.a(libc_a-stdio.o)
 .debug_abbrev  0x0000142a      0x149 /usr/lib/gcc/arm-none-eabi/13.2.1/../../../arm-none-eabi/lib/thumb/v7e-m+fp/hard/libc_nano.a(libc_a-impure.o)
 .debug_abbrev  0x00001573      0x1b0 /usr/lib/gcc/arm-none-eabi/13.2.1/../../../arm-none-eabi/lib/thumb/v7e-m+fp/hard/libc_nano.a(libc_a-closer.o)
 .debug_abbrev  0x00001723      0x1b0 /usr/lib/gcc/arm-none-eabi/13.2.1/../../../arm-none-eabi/lib/thumb/v7e-m+fp/hard/libc_nano.a(libc_a-readr.o)
 .debug_abbrev  0x000018d3      0x1ee /usr/lib/gcc/arm-none-eabi/13.2.1/../../../arm-none-eabi/lib/thumb/v7e-m+fp/hard/libc_nano.a(libc_a-reent.o)
 .debug_abbrev  0x00001ac1      0x1c4 /usr/lib/gcc/arm-none-eabi/13.2.1/../../../arm-none-eabi/lib/thumb/v7e-m+fp/hard/libc_nano.a(libc_a-lseekr.o)
 .debug_abbrev  0x00001c85      0x1b5 /usr/lib/gcc/arm-none-eabi/13.2.1/../../../arm-none-eabi/lib/thumb/v7e-m+fp/hard/libc_nano.a(libc_a-writer.o)
 .debug_abbrev  0x00001e3a      0x519 /usr/lib/gcc/arm-none-eabi/13.2.1/../../../arm-none-eabi/lib/thumb/v7e-m+fp/hard/librdimon_nano.a(arm_librdimon_a-syscalls.o)
 .debug_abbrev  0x00002353       0x69 CMakeFiles/main.dir/main.c.obj
 .debug_abbrev  0x000023bc       0x94 CMakeFiles/main.dir/port/stm32f4/src/interr.c.obj
 .debug_abbrev  0x00002450       0x24 libproject-port.a(startup_stm32f446xx.s.obj)
 .debug_abbrev  0x00002474      0x321 libproject-port.a(stm32f4_system.c.obj)
 .debug_abbrev  0x00002795       0x28 /usr/lib/gcc/arm-none-eabi/13.2.1/../../../arm-none-eabi/lib/thumb/v7e-m+fp/hard/libg_nano.a(libc_a-strlen.o)
 .debug_abbrev  0x000027bd      0x15e /usr/lib/gcc/arm-none-eabi/13.2.1/../../../arm-none-eabi/lib/thumb/v7e-m+fp/hard/libg_nano.a(libc_a-errno.o)

.debug_loclists
                0x00000000     0x28a2
 .debug_loclists
                0x00000000       0x65 /usr/lib/gcc/arm-none-eabi/13.2.1/../../../arm-none-eabi/lib/thumb/v7e-m+fp/hard/libc_nano.a(libc_a-init.o)
 .debug_loclists
                0x00000065      0x1c2 /usr/lib/gcc/arm-none-eabi/13.2.1/../../../arm-none-eabi/lib/thumb/v7e-m+fp/hard/libc_nano.a(libc_a-memset.o)
 .debug_loclists
                0x00000227      0x1d0 /usr/lib/gcc/arm-none-eabi/13.2.1/../../../arm-none-eabi/lib/thumb/v7e-m+fp/hard/libc_nano.a(libc_a-findfp.o)
 .debug_loclists
                0x000003f7      0x2f3 /usr/lib/gcc/arm-none-eabi/13.2.1/../../../arm-none-eabi/lib/thumb/v7e-m+fp/hard/libc_nano.a(libc_a-fflush.o)
 .debug_loclists
                0x000006ea      0x263 /usr/lib/gcc/arm-none-eabi/13.2.1/../../../arm-none-eabi/lib/thumb/v7e-m+fp/hard/libc_nano.a(libc_a-mallocr.o)
 .debug_loclists
                0x0000094d      0x164 /usr/lib/gcc/arm-none-eabi/13.2.1/../../../arm-none-eabi/lib/thumb/v7e-m+fp/hard/libc_nano.a(libc_a-freer.o)
 .debug_loclists
                0x00000ab1       0x87 /usr/lib/gcc/arm-none-eabi/13.2.1/../../../arm-none-eabi/lib/thumb/v7e-m+fp/hard/libc_nano.a(libc_a-fwalk.o)
 .debug_loclists
                0x00000b38       0x4b /usr/lib/gcc/arm-none-eabi/13.2.1/../../../arm-none-eabi/lib/thumb/v7e-m+fp/hard/libc_nano.a(libc_a-sbrkr.o)
 .debug_loclists
                0x00000b83      0x23b /usr/lib/gcc/arm-none-eabi/13.2.1/../../../arm-none-eabi/lib/thumb/v7e-m+fp/hard/libc_nano.a(libc_a-stdio.o)
 .debug_loclists
                0x00000dbe       0x4b /usr/lib/gcc/arm-none-eabi/13.2.1/../../../arm-none-eabi/lib/thumb/v7e-m+fp/hard/libc_nano.a(libc_a-closer.o)
 .debug_loclists
                0x00000e09       0x9e /usr/lib/gcc/arm-none-eabi/13.2.1/../../../arm-none-eabi/lib/thumb/v7e-m+fp/hard/libc_nano.a(libc_a-readr.o)
 .debug_loclists
                0x00000ea7       0x80 /usr/lib/gcc/arm-none-eabi/13.2.1/../../../arm-none-eabi/lib/thumb/v7e-m+fp/hard/libc_nano.a(libc_a-reent.o)
 .debug_loclists
                0x00000f27       0x9e /usr/lib/gcc/arm-none-eabi/13.2.1/../../../arm-none-eabi/lib/thumb/v7e-m+fp/hard/libc_nano.a(libc_a-lseekr.o)
 .debug_loclists
                0x00000fc5       0x9e /usr/lib/gcc/arm-none-eabi/13.2.1/../../../arm-none-eabi/lib/thumb/v7e-m+fp/hard/libc_nano.a(libc_a-writer.o)
 .debug_loclists
                0x00001063     0x183f /usr/lib/gcc/arm-none-eabi/13.2.1/../../../arm-none-eabi/lib/thumb/v7e-m+fp/hard/librdimon_nano.a(arm_librdimon_a-syscalls.o)

.debug_aranges  0x00000000      0x2e0
 .debug_aranges
                0x00000000       0x20 /usr/lib/gcc/arm-none-eabi/13.2.1/../../../arm-none-eabi/lib/thumb/v7e-m+fp/hard/libc_nano.a(libc_a-init.o)
 .debug_aranges
                0x00000020       0x20 /usr/lib/gcc/arm-none-eabi/13.2.1/../../../arm-none-eabi/lib/thumb/v7e-m+fp/hard/libc_nano.a(libc_a-memset.o)
 .debug_aranges
                0x00000040       0x20 /usr/lib/gcc/arm-none-eabi/13.2.1/../../../arm-none-eabi/lib/thumb/v7e-m+fp/hard/libc_nano.a(libc_a-findfp.o)
 .debug_aranges
                0x00000060       0x20 /usr/lib/gcc/arm-none-eabi/13.2.1/../../../arm-none-eabi/lib/thumb/v7e-m+fp/hard/libc_nano.a(libc_a-fflush.o)
 .debug_aranges
                0x00000080       0x20 /usr/lib/gcc/arm-none-eabi/13.2.1/../../../arm-none-eabi/lib/thumb/v7e-m+fp/hard/libc_nano.a(libc_a-mallocr.o)
 .debug_aranges
                0x000000a0       0x20 /usr/lib/gcc/arm-none-eabi/13.2.1/../../../arm-none-eabi/lib/thumb/v7e-m+fp/hard/libc_nano.a(libc_a-freer.o)
 .debug_aranges
                0x000000c0       0x20 /usr/lib/gcc/arm-none-eabi/13.2.1/../../../arm-none-eabi/lib/thumb/v7e-m+fp/hard/libc_nano.a(libc_a-fwalk.o)
 .debug_aranges
                0x000000e0       0x20 /usr/lib/gcc/arm-none-eabi/13.2.1/../../../arm-none-eabi/lib/thumb/v7e-m+fp/hard/libc_nano.a(libc_a-mlock.o)
 .debug_aranges
                0x00000100       0x20 /usr/lib/gcc/arm-none-eabi/13.2.1/../../../arm-none-eabi/lib/thumb/v7e-m+fp/hard/libc_nano.a(libc_a-sbrkr.o)
 .debug_aranges
                0x00000120       0x20 /usr/lib/gcc/arm-none-eabi/13.2.1/../../../arm-none-eabi/lib/thumb/v7e-m+fp/hard/libc_nano.a(libc_a-stdio.o)
 .debug_aranges
                0x00000140       0x18 /usr/lib/gcc/arm-none-eabi/13.2.1/../../../arm-none-eabi/lib/thumb/v7e-m+fp/hard/libc_nano.a(libc_a-impure.o)
 .debug_aranges
                0x00000158       0x20 /usr/lib/gcc/arm-none-eabi/13.2.1/../../../arm-none-eabi/lib/thumb/v7e-m+fp/hard/libc_nano.a(libc_a-closer.o)
 .debug_aranges
                0x00000178       0x20 /usr/lib/gcc/arm-none-eabi/13.2.1/../../../arm-none-eabi/lib/thumb/v7e-m+fp/hard/libc_nano.a(libc_a-readr.o)
 .debug_aranges
                0x00000198       0x20 /usr/lib/gcc/arm-none-eabi/13.2.1/../../../arm-none-eabi/lib/thumb/v7e-m+fp/hard/libc_nano.a(libc_a-reent.o)
 .debug_aranges
                0x000001b8       0x20 /usr/lib/gcc/arm-none-eabi/13.2.1/../../../arm-none-eabi/lib/thumb/v7e-m+fp/hard/libc_nano.a(libc_a-lseekr.o)
 .debug_aranges
                0x000001d8       0x20 /usr/lib/gcc/arm-none-eabi/13.2.1/../../../arm-none-eabi/lib/thumb/v7e-m+fp/hard/libc_nano.a(libc_a-writer.o)
 .debug_aranges
                0x000001f8       0x20 /usr/lib/gcc/arm-none-eabi/13.2.1/../../../arm-none-eabi/lib/thumb/v7e-m+fp/hard/librdimon_nano.a(arm_librdimon_a-syscalls.o)
 .debug_aranges
                0x00000218       0x20 CMakeFiles/main.dir/main.c.obj
 .debug_aranges
                0x00000238       0x20 CMakeFiles/main.dir/port/stm32f4/src/interr.c.obj
 .debug_aranges
                0x00000258       0x28 libproject-port.a(startup_stm32f446xx.s.obj)
 .debug_aranges
                0x00000280       0x20 libproject-port.a(stm32f4_system.c.obj)
 .debug_aranges
                0x000002a0       0x20 /usr/lib/gcc/arm-none-eabi/13.2.1/../../../arm-none-eabi/lib/thumb/v7e-m+fp/hard/libg_nano.a(libc_a-strlen.o)
 .debug_aranges
                0x000002c0       0x20 /usr/lib/gcc/arm-none-eabi/13.2.1/../../../arm-none-eabi/lib/thumb/v7e-m+fp/hard/libg_nano.a(libc_a-errno.o)

.debug_line     0x00000000     0x44a3
 .debug_line    0x00000000      0x11e /usr/lib/gcc/arm-none-eabi/13.2.1/../../../arm-none-eabi/lib/thumb/v7e-m+fp/hard/libc_nano.a(libc_a-init.o)
 .debug_line    0x0000011e      0x1b6 /usr/lib/gcc/arm-none-eabi/13.2.1/../../../arm-none-eabi/lib/thumb/v7e-m+fp/hard/libc_nano.a(libc_a-memset.o)
 .debug_line    0x000002d4      0x4fc /usr/lib/gcc/arm-none-eabi/13.2.1/../../../arm-none-eabi/lib/thumb/v7e-m+fp/hard/libc_nano.a(libc_a-findfp.o)
 .debug_line    0x000007d0      0x446 /usr/lib/gcc/arm-none-eabi/13.2.1/../../../arm-none-eabi/lib/thumb/v7e-m+fp/hard/libc_nano.a(libc_a-fflush.o)
 .debug_line    0x00000c16      0x446 /usr/lib/gcc/arm-none-eabi/13.2.1/../../../arm-none-eabi/lib/thumb/v7e-m+fp/hard/libc_nano.a(libc_a-mallocr.o)
 .debug_line    0x0000105c      0x2c3 /usr/lib/gcc/arm-none-eabi/13.2.1/../../../arm-none-eabi/lib/thumb/v7e-m+fp/hard/libc_nano.a(libc_a-freer.o)
 .debug_line    0x0000131f      0x1d1 /usr/lib/gcc/arm-none-eabi/13.2.1/../../../arm-none-eabi/lib/thumb/v7e-m+fp/hard/libc_nano.a(libc_a-fwalk.o)
 .debug_line    0x000014f0      0x153 /usr/lib/gcc/arm-none-eabi/13.2.1/../../../arm-none-eabi/lib/thumb/v7e-m+fp/hard/libc_nano.a(libc_a-mlock.o)
 .debug_line    0x00001643      0x193 /usr/lib/gcc/arm-none-eabi/13.2.1/../../../arm-none-eabi/lib/thumb/v7e-m+fp/hard/libc_nano.a(libc_a-sbrkr.o)
 .debug_line    0x000017d6      0x22b /usr/lib/gcc/arm-none-eabi/13.2.1/../../../arm-none-eabi/lib/thumb/v7e-m+fp/hard/libc_nano.a(libc_a-stdio.o)
 .debug_line    0x00001a01       0xe7 /usr/lib/gcc/arm-none-eabi/13.2.1/../../../arm-none-eabi/lib/thumb/v7e-m+fp/hard/libc_nano.a(libc_a-impure.o)
 .debug_line    0x00001ae8      0x193 /usr/lib/gcc/arm-none-eabi/13.2.1/../../../arm-none-eabi/lib/thumb/v7e-m+fp/hard/libc_nano.a(libc_a-closer.o)
 .debug_line    0x00001c7b      0x198 /usr/lib/gcc/arm-none-eabi/13.2.1/../../../arm-none-eabi/lib/thumb/v7e-m+fp/hard/libc_nano.a(libc_a-readr.o)
 .debug_line    0x00001e13      0x27b /usr/lib/gcc/arm-none-eabi/13.2.1/../../../arm-none-eabi/lib/thumb/v7e-m+fp/hard/libc_nano.a(libc_a-reent.o)
 .debug_line    0x0000208e      0x199 /usr/lib/gcc/arm-none-eabi/13.2.1/../../../arm-none-eabi/lib/thumb/v7e-m+fp/hard/libc_nano.a(libc_a-lseekr.o)
 .debug_line    0x00002227      0x199 /usr/lib/gcc/arm-none-eabi/13.2.1/../../../arm-none-eabi/lib/thumb/v7e-m+fp/hard/libc_nano.a(libc_a-writer.o)
 .debug_line    0x000023c0     0x1799 /usr/lib/gcc/arm-none-eabi/13.2.1/../../../arm-none-eabi/lib/thumb/v7e-m+fp/hard/librdimon_nano.a(arm_librdimon_a-syscalls.o)
 .debug_line    0x00003b59       0xe4 CMakeFiles/main.dir/main.c.obj
 .debug_line    0x00003c3d       0xfa CMakeFiles/main.dir/port/stm32f4/src/interr.c.obj
 .debug_line    0x00003d37       0x7a libproject-port.a(startup_stm32f446xx.s.obj)
 .debug_line    0x00003db1      0x560 libproject-port.a(stm32f4_system.c.obj)
 .debug_line    0x00004311       0x86 /usr/lib/gcc/arm-none-eabi/13.2.1/../../../arm-none-eabi/lib/thumb/v7e-m+fp/hard/libg_nano.a(libc_a-strlen.o)
 .debug_line    0x00004397      0x10c /usr/lib/gcc/arm-none-eabi/13.2.1/../../../arm-none-eabi/lib/thumb/v7e-m+fp/hard/libg_nano.a(libc_a-errno.o)

.debug_str      0x00000000     0x1c23
 .debug_str     0x00000000     0x1c23 /usr/lib/gcc/arm-none-eabi/13.2.1/../../../arm-none-eabi/lib/thumb/v7e-m+fp/hard/libc_nano.a(libc_a-init.o)
                                0x1fa (size before relaxing)
 .debug_str     0x00001c23      0x1ad /usr/lib/gcc/arm-none-eabi/13.2.1/../../../arm-none-eabi/lib/thumb/v7e-m+fp/hard/libc_nano.a(libc_a-memset.o)
 .debug_str     0x00001c23      0x6bf /usr/lib/gcc/arm-none-eabi/13.2.1/../../../arm-none-eabi/lib/thumb/v7e-m+fp/hard/libc_nano.a(libc_a-findfp.o)
 .debug_str     0x00001c23      0x543 /usr/lib/gcc/arm-none-eabi/13.2.1/../../../arm-none-eabi/lib/thumb/v7e-m+fp/hard/libc_nano.a(libc_a-fflush.o)
 .debug_str     0x00001c23      0x59d /usr/lib/gcc/arm-none-eabi/13.2.1/../../../arm-none-eabi/lib/thumb/v7e-m+fp/hard/libc_nano.a(libc_a-mallocr.o)
 .debug_str     0x00001c23      0x53c /usr/lib/gcc/arm-none-eabi/13.2.1/../../../arm-none-eabi/lib/thumb/v7e-m+fp/hard/libc_nano.a(libc_a-freer.o)
 .debug_str     0x00001c23      0x4cc /usr/lib/gcc/arm-none-eabi/13.2.1/../../../arm-none-eabi/lib/thumb/v7e-m+fp/hard/libc_nano.a(libc_a-fwalk.o)
 .debug_str     0x00001c23      0x4da /usr/lib/gcc/arm-none-eabi/13.2.1/../../../arm-none-eabi/lib/thumb/v7e-m+fp/hard/libc_nano.a(libc_a-mlock.o)
 .debug_str     0x00001c23      0x4c5 /usr/lib/gcc/arm-none-eabi/13.2.1/../../../arm-none-eabi/lib/thumb/v7e-m+fp/hard/libc_nano.a(libc_a-sbrkr.o)
 .debug_str     0x00001c23      0x529 /usr/lib/gcc/arm-none-eabi/13.2.1/../../../arm-none-eabi/lib/thumb/v7e-m+fp/hard/libc_nano.a(libc_a-stdio.o)
 .debug_str     0x00001c23      0x4bc /usr/lib/gcc/arm-none-eabi/13.2.1/../../../arm-none-eabi/lib/thumb/v7e-m+fp/hard/libc_nano.a(libc_a-impure.o)
 .debug_str     0x00001c23      0x4b2 /usr/lib/gcc/arm-none-eabi/13.2.1/../../../arm-none-eabi/lib/thumb/v7e-m+fp/hard/libc_nano.a(libc_a-closer.o)
 .debug_str     0x00001c23      0x4c0 /usr/lib/gcc/arm-none-eabi/13.2.1/../../../arm-none-eabi/lib/thumb/v7e-m+fp/hard/libc_nano.a(libc_a-readr.o)
 .debug_str     0x00001c23      0x4db /usr/lib/gcc/arm-none-eabi/13.2.1/../../../arm-none-eabi/lib/thumb/v7e-m+fp/hard/libc_nano.a(libc_a-reent.o)
 .debug_str     0x00001c23      0x4c0 /usr/lib/gcc/arm-none-eabi/13.2.1/../../../arm-none-eabi/lib/thumb/v7e-m+fp/hard/libc_nano.a(libc_a-lseekr.o)
 .debug_str     0x00001c23      0x4c2 /usr/lib/gcc/arm-none-eabi/13.2.1/../../../arm-none-eabi/lib/thumb/v7e-m+fp/hard/libc_nano.a(libc_a-writer.o)
 .debug_str     0x00001c23      0x928 /usr/lib/gcc/arm-none-eabi/13.2.1/../../../arm-none-eabi/lib/thumb/v7e-m+fp/hard/librdimon_nano.a(arm_librdimon_a-syscalls.o)
 .debug_str     0x00001c23      0x19d CMakeFiles/main.dir/main.c.obj
 .debug_str     0x00001c23      0x1cd CMakeFiles/main.dir/port/stm32f4/src/interr.c.obj
 .debug_str     0x00001c23       0xcb libproject-port.a(startup_stm32f446xx.s.obj)
 .debug_str     0x00001c23      0xc3e libproject-port.a(stm32f4_system.c.obj)
 .debug_str     0x00001c23       0xab /usr/lib/gcc/arm-none-eabi/13.2.1/../../../arm-none-eabi/lib/thumb/v7e-m+fp/hard/libg_nano.a(libc_a-strlen.o)
 .debug_str     0x00001c23      0x4b6 /usr/lib/gcc/arm-none-eabi/13.2.1/../../../arm-none-eabi/lib/thumb/v7e-m+fp/hard/libg_nano.a(libc_a-errno.o)

.debug_frame    0x00000000      0xbc0
 .debug_frame   0x00000000       0x2c /usr/lib/gcc/arm-none-eabi/13.2.1/../../../arm-none-eabi/lib/thumb/v7e-m+fp/hard/libc_nano.a(libc_a-init.o)
 .debug_frame   0x0000002c       0x2c /usr/lib/gcc/arm-none-eabi/13.2.1/../../../arm-none-eabi/lib/thumb/v7e-m+fp/hard/libc_nano.a(libc_a-memset.o)
 .debug_frame   0x00000058       0xf4 /usr/lib/gcc/arm-none-eabi/13.2.1/../../../arm-none-eabi/lib/thumb/v7e-m+fp/hard/libc_nano.a(libc_a-findfp.o)
 .debug_frame   0x0000014c       0x8c /usr/lib/gcc/arm-none-eabi/13.2.1/../../../arm-none-eabi/lib/thumb/v7e-m+fp/hard/libc_nano.a(libc_a-fflush.o)
 .debug_frame   0x000001d8       0x50 /usr/lib/gcc/arm-none-eabi/13.2.1/../../../arm-none-eabi/lib/thumb/v7e-m+fp/hard/libc_nano.a(libc_a-mallocr.o)
 .debug_frame   0x00000228       0x58 /usr/lib/gcc/arm-none-eabi/13.2.1/../../../arm-none-eabi/lib/thumb/v7e-m+fp/hard/libc_nano.a(libc_a-freer.o)
 .debug_frame   0x00000280       0x34 /usr/lib/gcc/arm-none-eabi/13.2.1/../../../arm-none-eabi/lib/thumb/v7e-m+fp/hard/libc_nano.a(libc_a-fwalk.o)
 .debug_frame   0x000002b4       0x30 /usr/lib/gcc/arm-none-eabi/13.2.1/../../../arm-none-eabi/lib/thumb/v7e-m+fp/hard/libc_nano.a(libc_a-mlock.o)
 .debug_frame   0x000002e4       0x2c /usr/lib/gcc/arm-none-eabi/13.2.1/../../../arm-none-eabi/lib/thumb/v7e-m+fp/hard/libc_nano.a(libc_a-sbrkr.o)
 .debug_frame   0x00000310       0x8c /usr/lib/gcc/arm-none-eabi/13.2.1/../../../arm-none-eabi/lib/thumb/v7e-m+fp/hard/libc_nano.a(libc_a-stdio.o)
 .debug_frame   0x0000039c       0x2c /usr/lib/gcc/arm-none-eabi/13.2.1/../../../arm-none-eabi/lib/thumb/v7e-m+fp/hard/libc_nano.a(libc_a-closer.o)
 .debug_frame   0x000003c8       0x2c /usr/lib/gcc/arm-none-eabi/13.2.1/../../../arm-none-eabi/lib/thumb/v7e-m+fp/hard/libc_nano.a(libc_a-readr.o)
 .debug_frame   0x000003f4       0x40 /usr/lib/gcc/arm-none-eabi/13.2.1/../../../arm-none-eabi/lib/thumb/v7e-m+fp/hard/libc_nano.a(libc_a-reent.o)
 .debug_frame   0x00000434       0x2c /usr/lib/gcc/arm-none-eabi/13.2.1/../../../arm-none-eabi/lib/thumb/v7e-m+fp/hard/libc_nano.a(libc_a-lseekr.o)
 .debug_frame   0x00000460       0x2c /usr/lib/gcc/arm-none-eabi/13.2.1/../../../arm-none-eabi/lib/thumb/v7e-m+fp/hard/libc_nano.a(libc_a-writer.o)
 .debug_frame   0x0000048c      0x3ec /usr/lib/gcc/arm-none-eabi/13.2.1/../../../arm-none-eabi/lib/thumb/v7e-m+fp/hard/librdimon_nano.a(arm_librdimon_a-syscalls.o)
 .debug_frame   0x00000878       0x2c CMakeFiles/main.dir/main.c.obj
 .debug_frame   0x000008a4       0x34 CMakeFiles/main.dir/port/stm32f4/src/interr.c.obj
 .debug_frame   0x000008d8      0x2c8 libproject-port.a(stm32f4_system.c.obj)
 .debug_frame   0x00000ba0       0x20 /usr/lib/gcc/arm-none-eabi/13.2.1/../../../arm-none-eabi/lib/thumb/v7e-m+fp/hard/libg_nano.a(libc_a-errno.o)

.debug_rnglists
                0x00000000      0x467
 .debug_rnglists
                0x00000000       0x77 /usr/lib/gcc/arm-none-eabi/13.2.1/../../../arm-none-eabi/lib/thumb/v7e-m+fp/hard/libc_nano.a(libc_a-findfp.o)
 .debug_rnglists
                0x00000077       0x59 /usr/lib/gcc/arm-none-eabi/13.2.1/../../../arm-none-eabi/lib/thumb/v7e-m+fp/hard/libc_nano.a(libc_a-fflush.o)
 .debug_rnglists
                0x000000d0       0x1e /usr/lib/gcc/arm-none-eabi/13.2.1/../../../arm-none-eabi/lib/thumb/v7e-m+fp/hard/libc_nano.a(libc_a-mallocr.o)
 .debug_rnglists
                0x000000ee       0x13 /usr/lib/gcc/arm-none-eabi/13.2.1/../../../arm-none-eabi/lib/thumb/v7e-m+fp/hard/libc_nano.a(libc_a-freer.o)
 .debug_rnglists
                0x00000101      0x34d /usr/lib/gcc/arm-none-eabi/13.2.1/../../../arm-none-eabi/lib/thumb/v7e-m+fp/hard/librdimon_nano.a(arm_librdimon_a-syscalls.o)
 .debug_rnglists
                0x0000044e       0x19 libproject-port.a(startup_stm32f446xx.s.obj)

.debug_line_str
                0x00000000      0x149
 .debug_line_str
                0x00000000      0x149 libproject-port.a(startup_stm32f446xx.s.obj)
                                 0xb1 (size before relaxing)
 .debug_line_str
                0x00000149       0x98 /usr/lib/gcc/arm-none-eabi/13.2.1/../../../arm-none-eabi/lib/thumb/v7e-m+fp/hard/libg_nano.a(libc_a-strlen.o)

Cross Reference Table

Symbol                                            File
ADC_IRQHandler                                    libproject-port.a(startup_stm32f446xx.s.obj)
AHBPrescTable                                     libproject-port.a(stm32f4_system.c.obj)
APBPrescTable                                     libproject-port.a(stm32f4_system.c.obj)
BusFault_Handler                                  libproject-port.a(startup_stm32f446xx.s.obj)
CAN1_RX0_IRQHandler                               libproject-port.a(startup_stm32f446xx.s.obj)
CAN1_RX1_IRQHandler                               libproject-port.a(startup_stm32f446xx.s.obj)
CAN1_SCE_IRQHandler                               libproject-port.a(startup_stm32f446xx.s.obj)
CAN1_TX_IRQHandler                                libproject-port.a(startup_stm32f446xx.s.obj)
CAN2_RX0_IRQHandler                               libproject-port.a(startup_stm32f446xx.s.obj)
CAN2_RX1_IRQHandler                               libproject-port.a(startup_stm32f446xx.s.obj)
CAN2_SCE_IRQHandler                               libproject-port.a(startup_stm32f446xx.s.obj)
CAN2_TX_IRQHandler                                libproject-port.a(startup_stm32f446xx.s.obj)
CEC_IRQHandler                                    libproject-port.a(startup_stm32f446xx.s.obj)
DCMI_IRQHandler                                   libproject-port.a(startup_stm32f446xx.s.obj)
DMA1_Stream0_IRQHandler                           libproject-port.a(startup_stm32f446xx.s.obj)
DMA1_Stream1_IRQHandler                           libproject-port.a(startup_stm32f446xx.s.obj)
DMA1_Stream2_IRQHandler                           libproject-port.a(startup_stm32f446xx.s.obj)
DMA1_Stream3_IRQHandler                           libproject-port.a(startup_stm32f446xx.s.obj)
DMA1_Stream4_IRQHandler                           libproject-port.a(startup_stm32f446xx.s.obj)
DMA1_Stream5_IRQHandler                           libproject-port.a(startup_stm32f446xx.s.obj)
DMA1_Stream6_IRQHandler                           libproject-port.a(startup_stm32f446xx.s.obj)
DMA1_Stream7_IRQHandler                           libproject-port.a(startup_stm32f446xx.s.obj)
DMA2_Stream0_IRQHandler                           libproject-port.a(startup_stm32f446xx.s.obj)
DMA2_Stream1_IRQHandler                           libproject-port.a(startup_stm32f446xx.s.obj)
DMA2_Stream2_IRQHandler                           libproject-port.a(startup_stm32f446xx.s.obj)
DMA2_Stream3_IRQHandler                           libproject-port.a(startup_stm32f446xx.s.obj)
DMA2_Stream4_IRQHandler                           libproject-port.a(startup_stm32f446xx.s.obj)
DMA2_Stream5_IRQHandler                           libproject-port.a(startup_stm32f446xx.s.obj)
DMA2_Stream6_IRQHandler                           libproject-port.a(startup_stm32f446xx.s.obj)
DMA2_Stream7_IRQHandler                           libproject-port.a(startup_stm32f446xx.s.obj)
DebugMon_Handler                                  libproject-port.a(startup_stm32f446xx.s.obj)
Default_Handler                                   libproject-port.a(startup_stm32f446xx.s.obj)
EXTI0_IRQHandler                                  libproject-port.a(startup_stm32f446xx.s.obj)
EXTI15_10_IRQHandler                              libproject-port.a(startup_stm32f446xx.s.obj)
EXTI1_IRQHandler                                  libproject-port.a(startup_stm32f446xx.s.obj)
EXTI2_IRQHandler                                  libproject-port.a(startup_stm32f446xx.s.obj)
EXTI3_IRQHandler                                  libproject-port.a(startup_stm32f446xx.s.obj)
EXTI4_IRQHandler                                  libproject-port.a(startup_stm32f446xx.s.obj)
EXTI9_5_IRQHandler                                libproject-port.a(startup_stm32f446xx.s.obj)
FLASH_IRQHandler                                  libproject-port.a(startup_stm32f446xx.s.obj)
FMC_IRQHandler                                    libproject-port.a(startup_stm32f446xx.s.obj)
FMPI2C1_ER_IRQHandler                             libproject-port.a(startup_stm32f446xx.s.obj)
FMPI2C1_EV_IRQHandler                             libproject-port.a(startup_stm32f446xx.s.obj)
FPU_IRQHandler                                    libproject-port.a(startup_stm32f446xx.s.obj)
HardFault_Handler                                 libproject-port.a(startup_stm32f446xx.s.obj)
I2C1_ER_IRQHandler                                libproject-port.a(startup_stm32f446xx.s.obj)
I2C1_EV_IRQHandler                                libproject-port.a(startup_stm32f446xx.s.obj)
I2C2_ER_IRQHandler                                libproject-port.a(startup_stm32f446xx.s.obj)
I2C2_EV_IRQHandler                                libproject-port.a(startup_stm32f446xx.s.obj)
I2C3_ER_IRQHandler                                libproject-port.a(startup_stm32f446xx.s.obj)
I2C3_EV_IRQHandler                                libproject-port.a(startup_stm32f446xx.s.obj)
MemManage_Handler                                 libproject-port.a(startup_stm32f446xx.s.obj)
NMI_Handler                                       libproject-port.a(startup_stm32f446xx.s.obj)
OTG_FS_IRQHandler                                 libproject-port.a(startup_stm32f446xx.s.obj)
OTG_FS_WKUP_IRQHandler                            libproject-port.a(startup_stm32f446xx.s.obj)
OTG_HS_EP1_IN_IRQHandler                          libproject-port.a(startup_stm32f446xx.s.obj)
OTG_HS_EP1_OUT_IRQHandler                         libproject-port.a(startup_stm32f446xx.s.obj)
OTG_HS_IRQHandler                                 libproject-port.a(startup_stm32f446xx.s.obj)
OTG_HS_WKUP_IRQHandler                            libproject-port.a(startup_stm32f446xx.s.obj)
PVD_IRQHandler                                    libproject-port.a(startup_stm32f446xx.s.obj)
PendSV_Handler                                    libproject-port.a(startup_stm32f446xx.s.obj)
QUADSPI_IRQHandler                                libproject-port.a(startup_stm32f446xx.s.obj)
RCC_IRQHandler                                    libproject-port.a(startup_stm32f446xx.s.obj)
RTC_Alarm_IRQHandler                              libproject-port.a(startup_stm32f446xx.s.obj)
RTC_WKUP_IRQHandler                               libproject-port.a(startup_stm32f446xx.s.obj)
Reset_Handler                                     libproject-port.a(startup_stm32f446xx.s.obj)
SAI1_IRQHandler                                   libproject-port.a(startup_stm32f446xx.s.obj)
SAI2_IRQHandler                                   libproject-port.a(startup_stm32f446xx.s.obj)
SDIO_IRQHandler                                   libproject-port.a(startup_stm32f446xx.s.obj)
SPDIF_RX_IRQHandler                               libproject-port.a(startup_stm32f446xx.s.obj)
SPI1_IRQHandler                                   libproject-port.a(startup_stm32f446xx.s.obj)
SPI2_IRQHandler                                   libproject-port.a(startup_stm32f446xx.s.obj)
SPI3_IRQHandler                                   libproject-port.a(startup_stm32f446xx.s.obj)
SPI4_IRQHandler                                   libproject-port.a(startup_stm32f446xx.s.obj)
SVC_Handler                                       libproject-port.a(startup_stm32f446xx.s.obj)
SysTick_Handler                                   CMakeFiles/main.dir/port/stm32f4/src/interr.c.obj
SystemCoreClock                                   libproject-port.a(stm32f4_system.c.obj)
SystemInit                                        libproject-port.a(stm32f4_system.c.obj)
                                                  libproject-port.a(startup_stm32f446xx.s.obj)
TAMP_STAMP_IRQHandler                             libproject-port.a(startup_stm32f446xx.s.obj)
TIM1_BRK_TIM9_IRQHandler                          libproject-port.a(startup_stm32f446xx.s.obj)
TIM1_CC_IRQHandler                                libproject-port.a(startup_stm32f446xx.s.obj)
TIM1_TRG_COM_TIM11_IRQHandler                     libproject-port.a(startup_stm32f446xx.s.obj)
TIM1_UP_TIM10_IRQHandler                          libproject-port.a(startup_stm32f446xx.s.obj)
TIM2_IRQHandler                                   libproject-port.a(startup_stm32f446xx.s.obj)
TIM3_IRQHandler                                   libproject-port.a(startup_stm32f446xx.s.obj)
TIM4_IRQHandler                                   libproject-port.a(startup_stm32f446xx.s.obj)
TIM5_IRQHandler                                   libproject-port.a(startup_stm32f446xx.s.obj)
TIM6_DAC_IRQHandler                               libproject-port.a(startup_stm32f446xx.s.obj)
TIM7_IRQHandler                                   libproject-port.a(startup_stm32f446xx.s.obj)
TIM8_BRK_TIM12_IRQHandler                         libproject-port.a(startup_stm32f446xx.s.obj)
TIM8_CC_IRQHandler                                libproject-port.a(startup_stm32f446xx.s.obj)
TIM8_TRG_COM_TIM14_IRQHandler                     libproject-port.a(startup_stm32f446xx.s.obj)
TIM8_UP_TIM13_IRQHandler                          libproject-port.a(startup_stm32f446xx.s.obj)
UART4_IRQHandler                                  libproject-port.a(startup_stm32f446xx.s.obj)
UART5_IRQHandler                                  libproject-port.a(startup_stm32f446xx.s.obj)
USART1_IRQHandler                                 libproject-port.a(startup_stm32f446xx.s.obj)
USART2_IRQHandler                                 libproject-port.a(startup_stm32f446xx.s.obj)
USART3_IRQHandler                                 libproject-port.a(startup_stm32f446xx.s.obj)
USART6_IRQHandler                                 libproject-port.a(startup_stm32f446xx.s.obj)
UsageFault_Handler                                libproject-port.a(startup_stm32f446xx.s.obj)
WWDG_IRQHandler                                   libproject-port.a(startup_stm32f446xx.s.obj)
_ITM_deregisterTMCloneTable                       /usr/lib/gcc/arm-none-eabi/13.2.1/thumb/v7e-m+fp/hard/crtbegin.o
_ITM_registerTMCloneTable                         /usr/lib/gcc/arm-none-eabi/13.2.1/thumb/v7e-m+fp/hard/crtbegin.o
__TMC_END__                                       /usr/lib/gcc/arm-none-eabi/13.2.1/thumb/v7e-m+fp/hard/crtend.o
                                                  /usr/lib/gcc/arm-none-eabi/13.2.1/thumb/v7e-m+fp/hard/crtbegin.o
__atexit                                          /usr/lib/gcc/arm-none-eabi/13.2.1/../../../arm-none-eabi/lib/thumb/v7e-m+fp/hard/libc_nano.a(libc_a-__call_atexit.o)
                                                  /usr/lib/gcc/arm-none-eabi/13.2.1/../../../arm-none-eabi/lib/thumb/v7e-m+fp/hard/libc_nano.a(libc_a-__atexit.o)
__atexit0                                         /usr/lib/gcc/arm-none-eabi/13.2.1/../../../arm-none-eabi/lib/thumb/v7e-m+fp/hard/libc_nano.a(libc_a-__atexit.o)
__atexit_dummy                                    /usr/lib/gcc/arm-none-eabi/13.2.1/../../../arm-none-eabi/lib/thumb/v7e-m+fp/hard/libc_nano.a(libc_a-__atexit.o)
__bss_end__                                       /usr/lib/gcc/arm-none-eabi/13.2.1/../../../arm-none-eabi/lib/thumb/v7e-m+fp/hard/rdimon-crt0.o
__bss_start__                                     /usr/lib/gcc/arm-none-eabi/13.2.1/../../../arm-none-eabi/lib/thumb/v7e-m+fp/hard/rdimon-crt0.o
__call_exitprocs                                  /usr/lib/gcc/arm-none-eabi/13.2.1/../../../arm-none-eabi/lib/thumb/v7e-m+fp/hard/libc_nano.a(libc_a-__call_atexit.o)
                                                  /usr/lib/gcc/arm-none-eabi/13.2.1/../../../arm-none-eabi/lib/thumb/v7e-m+fp/hard/libc_nano.a(libc_a-__atexit.o)
                                                  /usr/lib/gcc/arm-none-eabi/13.2.1/../../../arm-none-eabi/lib/thumb/v7e-m+fp/hard/libc_nano.a(libc_a-exit.o)
__deregister_frame_info                           /usr/lib/gcc/arm-none-eabi/13.2.1/thumb/v7e-m+fp/hard/crtbegin.o
__dso_handle                                      /usr/lib/gcc/arm-none-eabi/13.2.1/thumb/v7e-m+fp/hard/crtbegin.o
__end__                                           /usr/lib/gcc/arm-none-eabi/13.2.1/../../../arm-none-eabi/lib/thumb/v7e-m+fp/hard/rdimon-crt0.o
__errno                                           /usr/lib/gcc/arm-none-eabi/13.2.1/../../../arm-none-eabi/lib/thumb/v7e-m+fp/hard/libg_nano.a(libc_a-errno.o)
                                                  /usr/lib/gcc/arm-none-eabi/13.2.1/../../../arm-none-eabi/lib/thumb/v7e-m+fp/hard/librdimon_nano.a(arm_librdimon_a-syscalls.o)
__fini_array_end                                  /usr/lib/gcc/arm-none-eabi/13.2.1/../../../arm-none-eabi/lib/thumb/v7e-m+fp/hard/libc_nano.a(libc_a-fini.o)
__fini_array_start                                /usr/lib/gcc/arm-none-eabi/13.2.1/../../../arm-none-eabi/lib/thumb/v7e-m+fp/hard/libc_nano.a(libc_a-fini.o)
__fp_lock_all                                     /usr/lib/gcc/arm-none-eabi/13.2.1/../../../arm-none-eabi/lib/thumb/v7e-m+fp/hard/libc_nano.a(libc_a-findfp.o)
__fp_unlock_all                                   /usr/lib/gcc/arm-none-eabi/13.2.1/../../../arm-none-eabi/lib/thumb/v7e-m+fp/hard/libc_nano.a(libc_a-findfp.o)
__heap_limit                                      /usr/lib/gcc/arm-none-eabi/13.2.1/../../../arm-none-eabi/lib/thumb/v7e-m+fp/hard/librdimon_nano.a(arm_librdimon_a-syscalls.o)
                                                  /usr/lib/gcc/arm-none-eabi/13.2.1/../../../arm-none-eabi/lib/thumb/v7e-m+fp/hard/rdimon-crt0.o
__init_array_end                                  /usr/lib/gcc/arm-none-eabi/13.2.1/../../../arm-none-eabi/lib/thumb/v7e-m+fp/hard/libc_nano.a(libc_a-init.o)
__init_array_start                                /usr/lib/gcc/arm-none-eabi/13.2.1/../../../arm-none-eabi/lib/thumb/v7e-m+fp/hard/libc_nano.a(libc_a-init.o)
__libc_fini_array                                 /usr/lib/gcc/arm-none-eabi/13.2.1/../../../arm-none-eabi/lib/thumb/v7e-m+fp/hard/libc_nano.a(libc_a-fini.o)
                                                  /usr/lib/gcc/arm-none-eabi/13.2.1/../../../arm-none-eabi/lib/thumb/v7e-m+fp/hard/rdimon-crt0.o
__libc_init_array                                 /usr/lib/gcc/arm-none-eabi/13.2.1/../../../arm-none-eabi/lib/thumb/v7e-m+fp/hard/libc_nano.a(libc_a-init.o)
                                                  libproject-port.a(startup_stm32f446xx.s.obj)
                                                  /usr/lib/gcc/arm-none-eabi/13.2.1/../../../arm-none-eabi/lib/thumb/v7e-m+fp/hard/rdimon-crt0.o
__malloc_free_list                                /usr/lib/gcc/arm-none-eabi/13.2.1/../../../arm-none-eabi/lib/thumb/v7e-m+fp/hard/libc_nano.a(libc_a-mallocr.o)
                                                  /usr/lib/gcc/arm-none-eabi/13.2.1/../../../arm-none-eabi/lib/thumb/v7e-m+fp/hard/libc_nano.a(libc_a-freer.o)
__malloc_lock                                     /usr/lib/gcc/arm-none-eabi/13.2.1/../../../arm-none-eabi/lib/thumb/v7e-m+fp/hard/libc_nano.a(libc_a-mlock.o)
                                                  /usr/lib/gcc/arm-none-eabi/13.2.1/../../../arm-none-eabi/lib/thumb/v7e-m+fp/hard/libc_nano.a(libc_a-freer.o)
                                                  /usr/lib/gcc/arm-none-eabi/13.2.1/../../../arm-none-eabi/lib/thumb/v7e-m+fp/hard/libc_nano.a(libc_a-mallocr.o)
__malloc_sbrk_start                               /usr/lib/gcc/arm-none-eabi/13.2.1/../../../arm-none-eabi/lib/thumb/v7e-m+fp/hard/libc_nano.a(libc_a-mallocr.o)
__malloc_unlock                                   /usr/lib/gcc/arm-none-eabi/13.2.1/../../../arm-none-eabi/lib/thumb/v7e-m+fp/hard/libc_nano.a(libc_a-mlock.o)
                                                  /usr/lib/gcc/arm-none-eabi/13.2.1/../../../arm-none-eabi/lib/thumb/v7e-m+fp/hard/libc_nano.a(libc_a-freer.o)
                                                  /usr/lib/gcc/arm-none-eabi/13.2.1/../../../arm-none-eabi/lib/thumb/v7e-m+fp/hard/libc_nano.a(libc_a-mallocr.o)
__on_exit_args                                    /usr/lib/gcc/arm-none-eabi/13.2.1/../../../arm-none-eabi/lib/thumb/v7e-m+fp/hard/libc_nano.a(libc_a-__atexit.o)
__preinit_array_end                               /usr/lib/gcc/arm-none-eabi/13.2.1/../../../arm-none-eabi/lib/thumb/v7e-m+fp/hard/libc_nano.a(libc_a-init.o)
__preinit_array_start                             /usr/lib/gcc/arm-none-eabi/13.2.1/../../../arm-none-eabi/lib/thumb/v7e-m+fp/hard/libc_nano.a(libc_a-init.o)
__register_exitproc                               /usr/lib/gcc/arm-none-eabi/13.2.1/../../../arm-none-eabi/lib/thumb/v7e-m+fp/hard/libc_nano.a(libc_a-__atexit.o)
                                                  /usr/lib/gcc/arm-none-eabi/13.2.1/../../../arm-none-eabi/lib/thumb/v7e-m+fp/hard/libc_nano.a(libc_a-atexit.o)
__register_frame_info                             /usr/lib/gcc/arm-none-eabi/13.2.1/thumb/v7e-m+fp/hard/crtbegin.o
__sclose                                          /usr/lib/gcc/arm-none-eabi/13.2.1/../../../arm-none-eabi/lib/thumb/v7e-m+fp/hard/libc_nano.a(libc_a-stdio.o)
                                                  /usr/lib/gcc/arm-none-eabi/13.2.1/../../../arm-none-eabi/lib/thumb/v7e-m+fp/hard/libc_nano.a(libc_a-findfp.o)
__seofread                                        /usr/lib/gcc/arm-none-eabi/13.2.1/../../../arm-none-eabi/lib/thumb/v7e-m+fp/hard/libc_nano.a(libc_a-stdio.o)
__sf                                              /usr/lib/gcc/arm-none-eabi/13.2.1/../../../arm-none-eabi/lib/thumb/v7e-m+fp/hard/libc_nano.a(libc_a-findfp.o)
                                                  /usr/lib/gcc/arm-none-eabi/13.2.1/../../../arm-none-eabi/lib/thumb/v7e-m+fp/hard/libc_nano.a(libc_a-impure.o)
__sflush_r                                        /usr/lib/gcc/arm-none-eabi/13.2.1/../../../arm-none-eabi/lib/thumb/v7e-m+fp/hard/libc_nano.a(libc_a-fflush.o)
__sfp                                             /usr/lib/gcc/arm-none-eabi/13.2.1/../../../arm-none-eabi/lib/thumb/v7e-m+fp/hard/libc_nano.a(libc_a-findfp.o)
__sfp_lock_acquire                                /usr/lib/gcc/arm-none-eabi/13.2.1/../../../arm-none-eabi/lib/thumb/v7e-m+fp/hard/libc_nano.a(libc_a-findfp.o)
__sfp_lock_release                                /usr/lib/gcc/arm-none-eabi/13.2.1/../../../arm-none-eabi/lib/thumb/v7e-m+fp/hard/libc_nano.a(libc_a-findfp.o)
__sglue                                           /usr/lib/gcc/arm-none-eabi/13.2.1/../../../arm-none-eabi/lib/thumb/v7e-m+fp/hard/libc_nano.a(libc_a-findfp.o)
                                                  /usr/lib/gcc/arm-none-eabi/13.2.1/../../../arm-none-eabi/lib/thumb/v7e-m+fp/hard/libc_nano.a(libc_a-fflush.o)
__sinit                                           /usr/lib/gcc/arm-none-eabi/13.2.1/../../../arm-none-eabi/lib/thumb/v7e-m+fp/hard/libc_nano.a(libc_a-findfp.o)
                                                  /usr/lib/gcc/arm-none-eabi/13.2.1/../../../arm-none-eabi/lib/thumb/v7e-m+fp/hard/librdimon_nano.a(arm_librdimon_a-syscalls.o)
                                                  /usr/lib/gcc/arm-none-eabi/13.2.1/../../../arm-none-eabi/lib/thumb/v7e-m+fp/hard/libc_nano.a(libc_a-fflush.o)
__sread                                           /usr/lib/gcc/arm-none-eabi/13.2.1/../../../arm-none-eabi/lib/thumb/v7e-m+fp/hard/libc_nano.a(libc_a-stdio.o)
                                                  /usr/lib/gcc/arm-none-eabi/13.2.1/../../../arm-none-eabi/lib/thumb/v7e-m+fp/hard/libc_nano.a(libc_a-findfp.o)
__sseek                                           /usr/lib/gcc/arm-none-eabi/13.2.1/../../../arm-none-eabi/lib/thumb/v7e-m+fp/hard/libc_nano.a(libc_a-stdio.o)
                                                  /usr/lib/gcc/arm-none-eabi/13.2.1/../../../arm-none-eabi/lib/thumb/v7e-m+fp/hard/libc_nano.a(libc_a-findfp.o)
__stack                                           /usr/lib/gcc/arm-none-eabi/13.2.1/../../../arm-none-eabi/lib/thumb/v7e-m+fp/hard/rdimon-crt0.o
__stack_base__                                    /usr/lib/gcc/arm-none-eabi/13.2.1/../../../arm-none-eabi/lib/thumb/v7e-m+fp/hard/rdimon-crt0.o
__stdio_exit_handler                              /usr/lib/gcc/arm-none-eabi/13.2.1/../../../arm-none-eabi/lib/thumb/v7e-m+fp/hard/libc_nano.a(libc_a-findfp.o)
                                                  /usr/lib/gcc/arm-none-eabi/13.2.1/../../../arm-none-eabi/lib/thumb/v7e-m+fp/hard/libc_nano.a(libc_a-exit.o)
__swrite                                          /usr/lib/gcc/arm-none-eabi/13.2.1/../../../arm-none-eabi/lib/thumb/v7e-m+fp/hard/libc_nano.a(libc_a-stdio.o)
                                                  /usr/lib/gcc/arm-none-eabi/13.2.1/../../../arm-none-eabi/lib/thumb/v7e-m+fp/hard/libc_nano.a(libc_a-findfp.o)
_clock                                            /usr/lib/gcc/arm-none-eabi/13.2.1/../../../arm-none-eabi/lib/thumb/v7e-m+fp/hard/librdimon_nano.a(arm_librdimon_a-syscalls.o)
_close                                            /usr/lib/gcc/arm-none-eabi/13.2.1/../../../arm-none-eabi/lib/thumb/v7e-m+fp/hard/librdimon_nano.a(arm_librdimon_a-syscalls.o)
                                                  /usr/lib/gcc/arm-none-eabi/13.2.1/../../../arm-none-eabi/lib/thumb/v7e-m+fp/hard/libc_nano.a(libc_a-closer.o)
_close_r                                          /usr/lib/gcc/arm-none-eabi/13.2.1/../../../arm-none-eabi/lib/thumb/v7e-m+fp/hard/libc_nano.a(libc_a-closer.o)
                                                  /usr/lib/gcc/arm-none-eabi/13.2.1/../../../arm-none-eabi/lib/thumb/v7e-m+fp/hard/libc_nano.a(libc_a-stdio.o)
_ebss                                             libproject-port.a(startup_stm32f446xx.s.obj)
_edata                                            libproject-port.a(startup_stm32f446xx.s.obj)
_estack                                           libproject-port.a(startup_stm32f446xx.s.obj)
_exit                                             /usr/lib/gcc/arm-none-eabi/13.2.1/../../../arm-none-eabi/lib/thumb/v7e-m+fp/hard/librdimon_nano.a(arm_librdimon_a-_exit.o)
                                                  /usr/lib/gcc/arm-none-eabi/13.2.1/../../../arm-none-eabi/lib/thumb/v7e-m+fp/hard/libc_nano.a(libc_a-exit.o)
_fflush_r                                         /usr/lib/gcc/arm-none-eabi/13.2.1/../../../arm-none-eabi/lib/thumb/v7e-m+fp/hard/libc_nano.a(libc_a-fflush.o)
                                                  /usr/lib/gcc/arm-none-eabi/13.2.1/../../../arm-none-eabi/lib/thumb/v7e-m+fp/hard/libc_nano.a(libc_a-findfp.o)
_fini                                             /usr/lib/gcc/arm-none-eabi/13.2.1/thumb/v7e-m+fp/hard/crti.o
                                                  /usr/lib/gcc/arm-none-eabi/13.2.1/../../../arm-none-eabi/lib/thumb/v7e-m+fp/hard/libc_nano.a(libc_a-fini.o)
_free_r                                           /usr/lib/gcc/arm-none-eabi/13.2.1/../../../arm-none-eabi/lib/thumb/v7e-m+fp/hard/libc_nano.a(libc_a-freer.o)
                                                  /usr/lib/gcc/arm-none-eabi/13.2.1/../../../arm-none-eabi/lib/thumb/v7e-m+fp/hard/libc_nano.a(libc_a-reent.o)
                                                  /usr/lib/gcc/arm-none-eabi/13.2.1/../../../arm-none-eabi/lib/thumb/v7e-m+fp/hard/libc_nano.a(libc_a-fflush.o)
_fstat                                            /usr/lib/gcc/arm-none-eabi/13.2.1/../../../arm-none-eabi/lib/thumb/v7e-m+fp/hard/librdimon_nano.a(arm_librdimon_a-syscalls.o)
_fwalk_sglue                                      /usr/lib/gcc/arm-none-eabi/13.2.1/../../../arm-none-eabi/lib/thumb/v7e-m+fp/hard/libc_nano.a(libc_a-fwalk.o)
                                                  /usr/lib/gcc/arm-none-eabi/13.2.1/../../../arm-none-eabi/lib/thumb/v7e-m+fp/hard/libc_nano.a(libc_a-fflush.o)
                                                  /usr/lib/gcc/arm-none-eabi/13.2.1/../../../arm-none-eabi/lib/thumb/v7e-m+fp/hard/libc_nano.a(libc_a-findfp.o)
_get_semihosting_exts                             /usr/lib/gcc/arm-none-eabi/13.2.1/../../../arm-none-eabi/lib/thumb/v7e-m+fp/hard/librdimon_nano.a(arm_librdimon_a-syscalls.o)
_getpid                                           /usr/lib/gcc/arm-none-eabi/13.2.1/../../../arm-none-eabi/lib/thumb/v7e-m+fp/hard/librdimon_nano.a(arm_librdimon_a-syscalls.o)
_gettimeofday                                     /usr/lib/gcc/arm-none-eabi/13.2.1/../../../arm-none-eabi/lib/thumb/v7e-m+fp/hard/librdimon_nano.a(arm_librdimon_a-syscalls.o)
_has_ext_exit_extended                            /usr/lib/gcc/arm-none-eabi/13.2.1/../../../arm-none-eabi/lib/thumb/v7e-m+fp/hard/librdimon_nano.a(arm_librdimon_a-syscalls.o)
                                                  /usr/lib/gcc/arm-none-eabi/13.2.1/../../../arm-none-eabi/lib/thumb/v7e-m+fp/hard/librdimon_nano.a(arm_librdimon_a-_kill.o)
_has_ext_stdout_stderr                            /usr/lib/gcc/arm-none-eabi/13.2.1/../../../arm-none-eabi/lib/thumb/v7e-m+fp/hard/librdimon_nano.a(arm_librdimon_a-syscalls.o)
_impure_data                                      /usr/lib/gcc/arm-none-eabi/13.2.1/../../../arm-none-eabi/lib/thumb/v7e-m+fp/hard/libc_nano.a(libc_a-impure.o)
                                                  /usr/lib/gcc/arm-none-eabi/13.2.1/../../../arm-none-eabi/lib/thumb/v7e-m+fp/hard/libc_nano.a(libc_a-fflush.o)
                                                  /usr/lib/gcc/arm-none-eabi/13.2.1/../../../arm-none-eabi/lib/thumb/v7e-m+fp/hard/libc_nano.a(libc_a-findfp.o)
_impure_ptr                                       /usr/lib/gcc/arm-none-eabi/13.2.1/../../../arm-none-eabi/lib/thumb/v7e-m+fp/hard/libc_nano.a(libc_a-impure.o)
                                                  /usr/lib/gcc/arm-none-eabi/13.2.1/../../../arm-none-eabi/lib/thumb/v7e-m+fp/hard/libg_nano.a(libc_a-errno.o)
                                                  /usr/lib/gcc/arm-none-eabi/13.2.1/../../../arm-none-eabi/lib/thumb/v7e-m+fp/hard/librdimon_nano.a(arm_librdimon_a-syscalls.o)
                                                  /usr/lib/gcc/arm-none-eabi/13.2.1/../../../arm-none-eabi/lib/thumb/v7e-m+fp/hard/libc_nano.a(libc_a-reent.o)
                                                  /usr/lib/gcc/arm-none-eabi/13.2.1/../../../arm-none-eabi/lib/thumb/v7e-m+fp/hard/libc_nano.a(libc_a-fflush.o)
_init                                             /usr/lib/gcc/arm-none-eabi/13.2.1/thumb/v7e-m+fp/hard/crti.o
                                                  /usr/lib/gcc/arm-none-eabi/13.2.1/../../../arm-none-eabi/lib/thumb/v7e-m+fp/hard/libc_nano.a(libc_a-init.o)
_isatty                                           /usr/lib/gcc/arm-none-eabi/13.2.1/../../../arm-none-eabi/lib/thumb/v7e-m+fp/hard/librdimon_nano.a(arm_librdimon_a-syscalls.o)
_kill                                             /usr/lib/gcc/arm-none-eabi/13.2.1/../../../arm-none-eabi/lib/thumb/v7e-m+fp/hard/librdimon_nano.a(arm_librdimon_a-_kill.o)
_kill_shared                                      /usr/lib/gcc/arm-none-eabi/13.2.1/../../../arm-none-eabi/lib/thumb/v7e-m+fp/hard/librdimon_nano.a(arm_librdimon_a-_kill.o)
                                                  /usr/lib/gcc/arm-none-eabi/13.2.1/../../../arm-none-eabi/lib/thumb/v7e-m+fp/hard/librdimon_nano.a(arm_librdimon_a-_exit.o)
_link                                             /usr/lib/gcc/arm-none-eabi/13.2.1/../../../arm-none-eabi/lib/thumb/v7e-m+fp/hard/librdimon_nano.a(arm_librdimon_a-syscalls.o)
_lseek                                            /usr/lib/gcc/arm-none-eabi/13.2.1/../../../arm-none-eabi/lib/thumb/v7e-m+fp/hard/librdimon_nano.a(arm_librdimon_a-syscalls.o)
                                                  /usr/lib/gcc/arm-none-eabi/13.2.1/../../../arm-none-eabi/lib/thumb/v7e-m+fp/hard/libc_nano.a(libc_a-lseekr.o)
_lseek_r                                          /usr/lib/gcc/arm-none-eabi/13.2.1/../../../arm-none-eabi/lib/thumb/v7e-m+fp/hard/libc_nano.a(libc_a-lseekr.o)
                                                  /usr/lib/gcc/arm-none-eabi/13.2.1/../../../arm-none-eabi/lib/thumb/v7e-m+fp/hard/libc_nano.a(libc_a-stdio.o)
_mainCRTStartup                                   /usr/lib/gcc/arm-none-eabi/13.2.1/../../../arm-none-eabi/lib/thumb/v7e-m+fp/hard/rdimon-crt0.o
_malloc_r                                         /usr/lib/gcc/arm-none-eabi/13.2.1/../../../arm-none-eabi/lib/thumb/v7e-m+fp/hard/libc_nano.a(libc_a-mallocr.o)
                                                  /usr/lib/gcc/arm-none-eabi/13.2.1/../../../arm-none-eabi/lib/thumb/v7e-m+fp/hard/libc_nano.a(libc_a-findfp.o)
_open                                             /usr/lib/gcc/arm-none-eabi/13.2.1/../../../arm-none-eabi/lib/thumb/v7e-m+fp/hard/librdimon_nano.a(arm_librdimon_a-syscalls.o)
_read                                             /usr/lib/gcc/arm-none-eabi/13.2.1/../../../arm-none-eabi/lib/thumb/v7e-m+fp/hard/librdimon_nano.a(arm_librdimon_a-syscalls.o)
                                                  /usr/lib/gcc/arm-none-eabi/13.2.1/../../../arm-none-eabi/lib/thumb/v7e-m+fp/hard/libc_nano.a(libc_a-readr.o)
_read_r                                           /usr/lib/gcc/arm-none-eabi/13.2.1/../../../arm-none-eabi/lib/thumb/v7e-m+fp/hard/libc_nano.a(libc_a-readr.o)
                                                  /usr/lib/gcc/arm-none-eabi/13.2.1/../../../arm-none-eabi/lib/thumb/v7e-m+fp/hard/libc_nano.a(libc_a-stdio.o)
_reclaim_reent                                    /usr/lib/gcc/arm-none-eabi/13.2.1/../../../arm-none-eabi/lib/thumb/v7e-m+fp/hard/libc_nano.a(libc_a-reent.o)
_rename                                           /usr/lib/gcc/arm-none-eabi/13.2.1/../../../arm-none-eabi/lib/thumb/v7e-m+fp/hard/librdimon_nano.a(arm_librdimon_a-syscalls.o)
_sbrk                                             /usr/lib/gcc/arm-none-eabi/13.2.1/../../../arm-none-eabi/lib/thumb/v7e-m+fp/hard/librdimon_nano.a(arm_librdimon_a-syscalls.o)
                                                  /usr/lib/gcc/arm-none-eabi/13.2.1/../../../arm-none-eabi/lib/thumb/v7e-m+fp/hard/libc_nano.a(libc_a-sbrkr.o)
_sbrk_r                                           /usr/lib/gcc/arm-none-eabi/13.2.1/../../../arm-none-eabi/lib/thumb/v7e-m+fp/hard/libc_nano.a(libc_a-sbrkr.o)
                                                  /usr/lib/gcc/arm-none-eabi/13.2.1/../../../arm-none-eabi/lib/thumb/v7e-m+fp/hard/libc_nano.a(libc_a-mallocr.o)
_sbss                                             libproject-port.a(startup_stm32f446xx.s.obj)
_sdata                                            libproject-port.a(startup_stm32f446xx.s.obj)
_sidata                                           libproject-port.a(startup_stm32f446xx.s.obj)
_stack_init                                       /usr/lib/gcc/arm-none-eabi/13.2.1/../../../arm-none-eabi/lib/thumb/v7e-m+fp/hard/rdimon-crt0.o
_start                                            /usr/lib/gcc/arm-none-eabi/13.2.1/../../../arm-none-eabi/lib/thumb/v7e-m+fp/hard/rdimon-crt0.o
_stat                                             /usr/lib/gcc/arm-none-eabi/13.2.1/../../../arm-none-eabi/lib/thumb/v7e-m+fp/hard/librdimon_nano.a(arm_librdimon_a-syscalls.o)
_swiclose                                         /usr/lib/gcc/arm-none-eabi/13.2.1/../../../arm-none-eabi/lib/thumb/v7e-m+fp/hard/librdimon_nano.a(arm_librdimon_a-syscalls.o)
_swilseek                                         /usr/lib/gcc/arm-none-eabi/13.2.1/../../../arm-none-eabi/lib/thumb/v7e-m+fp/hard/librdimon_nano.a(arm_librdimon_a-syscalls.o)
_swiopen                                          /usr/lib/gcc/arm-none-eabi/13.2.1/../../../arm-none-eabi/lib/thumb/v7e-m+fp/hard/librdimon_nano.a(arm_librdimon_a-syscalls.o)
_swiread                                          /usr/lib/gcc/arm-none-eabi/13.2.1/../../../arm-none-eabi/lib/thumb/v7e-m+fp/hard/librdimon_nano.a(arm_librdimon_a-syscalls.o)
_swistat                                          /usr/lib/gcc/arm-none-eabi/13.2.1/../../../arm-none-eabi/lib/thumb/v7e-m+fp/hard/librdimon_nano.a(arm_librdimon_a-syscalls.o)
_swiwrite                                         /usr/lib/gcc/arm-none-eabi/13.2.1/../../../arm-none-eabi/lib/thumb/v7e-m+fp/hard/librdimon_nano.a(arm_librdimon_a-syscalls.o)
_system                                           /usr/lib/gcc/arm-none-eabi/13.2.1/../../../arm-none-eabi/lib/thumb/v7e-m+fp/hard/librdimon_nano.a(arm_librdimon_a-syscalls.o)
_times                                            /usr/lib/gcc/arm-none-eabi/13.2.1/../../../arm-none-eabi/lib/thumb/v7e-m+fp/hard/librdimon_nano.a(arm_librdimon_a-syscalls.o)
_unlink                                           /usr/lib/gcc/arm-none-eabi/13.2.1/../../../arm-none-eabi/lib/thumb/v7e-m+fp/hard/librdimon_nano.a(arm_librdimon_a-syscalls.o)
_write                                            /usr/lib/gcc/arm-none-eabi/13.2.1/../../../arm-none-eabi/lib/thumb/v7e-m+fp/hard/librdimon_nano.a(arm_librdimon_a-syscalls.o)
                                                  /usr/lib/gcc/arm-none-eabi/13.2.1/../../../arm-none-eabi/lib/thumb/v7e-m+fp/hard/libc_nano.a(libc_a-writer.o)
_write_r                                          /usr/lib/gcc/arm-none-eabi/13.2.1/../../../arm-none-eabi/lib/thumb/v7e-m+fp/hard/libc_nano.a(libc_a-writer.o)
                                                  /usr/lib/gcc/arm-none-eabi/13.2.1/../../../arm-none-eabi/lib/thumb/v7e-m+fp/hard/libc_nano.a(libc_a-stdio.o)
atexit                                            /usr/lib/gcc/arm-none-eabi/13.2.1/../../../arm-none-eabi/lib/thumb/v7e-m+fp/hard/libc_nano.a(libc_a-atexit.o)
                                                  /usr/lib/gcc/arm-none-eabi/13.2.1/../../../arm-none-eabi/lib/thumb/v7e-m+fp/hard/rdimon-crt0.o
end                                               /usr/lib/gcc/arm-none-eabi/13.2.1/../../../arm-none-eabi/lib/thumb/v7e-m+fp/hard/librdimon_nano.a(arm_librdimon_a-syscalls.o)
errno                                             /usr/lib/gcc/arm-none-eabi/13.2.1/../../../arm-none-eabi/lib/thumb/v7e-m+fp/hard/libc_nano.a(libc_a-reent.o)
                                                  /usr/lib/gcc/arm-none-eabi/13.2.1/../../../arm-none-eabi/lib/thumb/v7e-m+fp/hard/libc_nano.a(libc_a-writer.o)
                                                  /usr/lib/gcc/arm-none-eabi/13.2.1/../../../arm-none-eabi/lib/thumb/v7e-m+fp/hard/libc_nano.a(libc_a-lseekr.o)
                                                  /usr/lib/gcc/arm-none-eabi/13.2.1/../../../arm-none-eabi/lib/thumb/v7e-m+fp/hard/libc_nano.a(libc_a-readr.o)
                                                  /usr/lib/gcc/arm-none-eabi/13.2.1/../../../arm-none-eabi/lib/thumb/v7e-m+fp/hard/libc_nano.a(libc_a-closer.o)
                                                  /usr/lib/gcc/arm-none-eabi/13.2.1/../../../arm-none-eabi/lib/thumb/v7e-m+fp/hard/libc_nano.a(libc_a-sbrkr.o)
exit                                              /usr/lib/gcc/arm-none-eabi/13.2.1/../../../arm-none-eabi/lib/thumb/v7e-m+fp/hard/libc_nano.a(libc_a-exit.o)
                                                  /usr/lib/gcc/arm-none-eabi/13.2.1/../../../arm-none-eabi/lib/thumb/v7e-m+fp/hard/rdimon-crt0.o
fflush                                            /usr/lib/gcc/arm-none-eabi/13.2.1/../../../arm-none-eabi/lib/thumb/v7e-m+fp/hard/libc_nano.a(libc_a-fflush.o)
g_pfnVectors                                      libproject-port.a(startup_stm32f446xx.s.obj)
initialise_monitor_handles                        /usr/lib/gcc/arm-none-eabi/13.2.1/../../../arm-none-eabi/lib/thumb/v7e-m+fp/hard/librdimon_nano.a(arm_librdimon_a-syscalls.o)
                                                  libproject-port.a(stm32f4_system.c.obj)
                                                  /usr/lib/gcc/arm-none-eabi/13.2.1/../../../arm-none-eabi/lib/thumb/v7e-m+fp/hard/rdimon-crt0.o
main                                              CMakeFiles/main.dir/main.c.obj
                                                  libproject-port.a(startup_stm32f446xx.s.obj)
                                                  /usr/lib/gcc/arm-none-eabi/13.2.1/../../../arm-none-eabi/lib/thumb/v7e-m+fp/hard/rdimon-crt0.o
malloc                                            /usr/lib/gcc/arm-none-eabi/13.2.1/../../../arm-none-eabi/lib/thumb/v7e-m+fp/hard/libc_nano.a(libc_a-__atexit.o)
memset                                            /usr/lib/gcc/arm-none-eabi/13.2.1/../../../arm-none-eabi/lib/thumb/v7e-m+fp/hard/libc_nano.a(libc_a-memset.o)
                                                  /usr/lib/gcc/arm-none-eabi/13.2.1/../../../arm-none-eabi/lib/thumb/v7e-m+fp/hard/librdimon_nano.a(arm_librdimon_a-syscalls.o)
                                                  /usr/lib/gcc/arm-none-eabi/13.2.1/../../../arm-none-eabi/lib/thumb/v7e-m+fp/hard/libc_nano.a(libc_a-findfp.o)
                                                  /usr/lib/gcc/arm-none-eabi/13.2.1/../../../arm-none-eabi/lib/thumb/v7e-m+fp/hard/rdimon-crt0.o
port_system_delay_ms                              libproject-port.a(stm32f4_system.c.obj)
port_system_delay_until_ms                        libproject-port.a(stm32f4_system.c.obj)
port_system_get_millis                            libproject-port.a(stm32f4_system.c.obj)
                                                  CMakeFiles/main.dir/port/stm32f4/src/interr.c.obj
port_system_init                                  libproject-port.a(stm32f4_system.c.obj)
                                                  CMakeFiles/main.dir/main.c.obj
port_system_set_millis                            libproject-port.a(stm32f4_system.c.obj)
                                                  CMakeFiles/main.dir/port/stm32f4/src/interr.c.obj
stm32f4_system_gpio_config                        libproject-port.a(stm32f4_system.c.obj)
stm32f4_system_gpio_config_alternate              libproject-port.a(stm32f4_system.c.obj)
stm32f4_system_gpio_config_exti                   libproject-port.a(stm32f4_system.c.obj)
stm32f4_system_gpio_exti_disable                  libproject-port.a(stm32f4_system.c.obj)
stm32f4_system_gpio_exti_enable                   libproject-port.a(stm32f4_system.c.obj)
strlen                                            /usr/lib/gcc/arm-none-eabi/13.2.1/../../../arm-none-eabi/lib/thumb/v7e-m+fp/hard/libg_nano.a(libc_a-strlen.o)
                                                  /usr/lib/gcc/arm-none-eabi/13.2.1/../../../arm-none-eabi/lib/thumb/v7e-m+fp/hard/librdimon_nano.a(arm_librdimon_a-syscalls.o)
